Component: ARM Compiler 5.05 update 1 (build 106) Tool: armlink [4d0efa]

==============================================================================

Section Cross References

    startup_stm32f10x_ld.o(STACK) refers (Special) to heapauxi.o(.text) for __use_two_region_memory
    startup_stm32f10x_ld.o(HEAP) refers (Special) to heapauxi.o(.text) for __use_two_region_memory
    startup_stm32f10x_ld.o(RESET) refers (Special) to heapauxi.o(.text) for __use_two_region_memory
    startup_stm32f10x_ld.o(RESET) refers to startup_stm32f10x_ld.o(STACK) for __initial_sp
    startup_stm32f10x_ld.o(RESET) refers to startup_stm32f10x_ld.o(.text) for Reset_Handler
    startup_stm32f10x_ld.o(RESET) refers to exti.o(i.EXTI0_IRQHandler) for EXTI0_IRQHandler
    startup_stm32f10x_ld.o(RESET) refers to timer.o(i.TIM2_IRQHandler) for TIM2_IRQHandler
    startup_stm32f10x_ld.o(RESET) refers to usart.o(i.TIM3_IRQHandler) for TIM3_IRQHandler
    startup_stm32f10x_ld.o(RESET) refers to usart.o(i.USART1_IRQHandler) for USART1_IRQHandler
    startup_stm32f10x_ld.o(.text) refers (Special) to heapauxi.o(.text) for __use_two_region_memory
    startup_stm32f10x_ld.o(.text) refers to system_stm32f10x.o(i.SystemInit) for SystemInit
    startup_stm32f10x_ld.o(.text) refers to __main.o(!!!main) for __main
    startup_stm32f10x_ld.o(.text) refers to startup_stm32f10x_ld.o(HEAP) for Heap_Mem
    startup_stm32f10x_ld.o(.text) refers to startup_stm32f10x_ld.o(STACK) for Stack_Mem
    system_stm32f10x.o(i.SystemCoreClockUpdate) refers to system_stm32f10x.o(.data) for .data
    system_stm32f10x.o(i.SystemInit) refers to system_stm32f10x.o(i.SetSysClockTo24) for SetSysClockTo24
    main.o(i.main) refers to main.o(i.SystemInit11) for SystemInit11
    main.o(i.main) refers to delay.o(i.delay_init) for delay_init
    main.o(i.main) refers to sys.o(i.NVIC_Configuration) for NVIC_Configuration
    main.o(i.main) refers to timer.o(i.TIM2_NVIC_Configuration) for TIM2_NVIC_Configuration
    main.o(i.main) refers to timer.o(i.TIM2_Configuration) for TIM2_Configuration
    main.o(i.main) refers to usart.o(i.uart_init) for uart_init
    main.o(i.main) refers to led.o(i.LED_GPIO_Config) for LED_GPIO_Config
    main.o(i.main) refers to iic.o(i.IIC_Init) for IIC_Init
    main.o(i.main) refers to dac.o(i.DAC_Configuration) for DAC_Configuration
    main.o(i.main) refers to key.o(i.Key_GPIO_Config) for Key_GPIO_Config
    main.o(i.main) refers to relay.o(i.RELAY_GPIO_Config) for RELAY_GPIO_Config
    main.o(i.main) refers to dis.o(i.PCF8576_Ini) for PCF8576_Ini
    main.o(i.main) refers to stm32f10x_gpio.o(i.GPIO_ResetBits) for GPIO_ResetBits
    main.o(i.main) refers to dis.o(i.LCD_DisAll) for LCD_DisAll
    main.o(i.main) refers to delay.o(i.delay_ms) for delay_ms
    main.o(i.main) refers to dis.o(i.LCD_DisClear) for LCD_DisClear
    main.o(i.main) refers to comm.o(i.GP_LEL2Current) for GP_LEL2Current
    main.o(i.main) refers to comm.o(i.GP_CommProcess) for GP_CommProcess
    main.o(i.main) refers to stm32f10x_gpio.o(i.GPIO_SetBits) for GPIO_SetBits
    main.o(i.main) refers to key.o(i.Key_Process) for Key_Process
    main.o(i.main) refers to dis.o(i.LCD_DisPPMValue) for LCD_DisPPMValue
    main.o(i.main) refers to dis.o(i.LCD_DisLELValue) for LCD_DisLELValue
    main.o(i.main) refers to comm.o(.data) for uCurrentSensor
    main.o(i.main) refers to timer.o(.data) for dis_time_enable
    comm.o(i.GP_CommArrange) refers to usart.o(.data) for USART_RX_STA
    comm.o(i.GP_CommArrange) refers to usart.o(.bss) for USART_RX_BUF
    comm.o(i.GP_CommArrange) refers to comm.o(.bss) for .bss
    comm.o(i.GP_CommProcess) refers to comm.o(i.GP_CommArrange) for GP_CommArrange
    comm.o(i.GP_CommProcess) refers to comm.o(.data) for .data
    comm.o(i.GP_CommProcess) refers to comm.o(.bss) for .bss
    comm.o(i.GP_CurrentSet) refers to fdiv.o(x$fpl$fdiv) for __aeabi_fdiv
    comm.o(i.GP_CurrentSet) refers to dac.o(i.DAC_Voltage_OutPut) for DAC_Voltage_OutPut
    comm.o(i.GP_LEL2Current) refers to dflt_clz.o(x$fpl$dfltu) for __aeabi_ui2d
    comm.o(i.GP_LEL2Current) refers to ddiv.o(x$fpl$ddiv) for __aeabi_ddiv
    comm.o(i.GP_LEL2Current) refers to daddsub_clz.o(x$fpl$dadd) for __aeabi_dadd
    comm.o(i.GP_LEL2Current) refers to d2f.o(x$fpl$d2f) for __aeabi_d2f
    comm.o(i.GP_LEL2Current) refers to comm.o(i.GP_CurrentSet) for GP_CurrentSet
    comm.o(i.GP_SensorSet) refers to strlen.o(.text) for strlen
    comm.o(i.GP_SensorSet) refers to usart.o(i.UART1SendByte) for UART1SendByte
    comm.o(i.GP_SensorSet) refers to comm.o(i.GP_CommArrange) for GP_CommArrange
    comm.o(i.GP_SensorSet) refers to strcmpv7m.o(.text) for strcmp
    comm.o(i.GP_SensorSet) refers to comm.o(.data) for .data
    comm.o(i.GP_SensorSet) refers to timer.o(.data) for res_time_count
    comm.o(i.GP_SensorSet) refers to comm.o(.bss) for .bss
    comm.o(i.SensorTypeCheck) refers to usart.o(i.uart_init) for uart_init
    comm.o(i.SensorTypeCheck) refers to delay.o(i.delay_ms) for delay_ms
[...]
    Removing stm32f10x_sdio.o(i.SDIO_ClearITPendingBit), (12 bytes).
    Removing stm32f10x_sdio.o(i.SDIO_ClockCmd), (12 bytes).
    Removing stm32f10x_sdio.o(i.SDIO_CmdStructInit), (14 bytes).
    Removing stm32f10x_sdio.o(i.SDIO_CommandCompletionCmd), (12 bytes).
    Removing stm32f10x_sdio.o(i.SDIO_DMACmd), (12 bytes).
    Removing stm32f10x_sdio.o(i.SDIO_DataConfig), (44 bytes).
    Removing stm32f10x_sdio.o(i.SDIO_DataStructInit), (20 bytes).
    Removing stm32f10x_sdio.o(i.SDIO_DeInit), (36 bytes).
    Removing stm32f10x_sdio.o(i.SDIO_GetCommandResponse), (12 bytes).
    Removing stm32f10x_sdio.o(i.SDIO_GetDataCounter), (12 bytes).
    Removing stm32f10x_sdio.o(i.SDIO_GetFIFOCount), (12 bytes).
    Removing stm32f10x_sdio.o(i.SDIO_GetFlagStatus), (20 bytes).
    Removing stm32f10x_sdio.o(i.SDIO_GetITStatus), (20 bytes).
    Removing stm32f10x_sdio.o(i.SDIO_GetPowerState), (16 bytes).
    Removing stm32f10x_sdio.o(i.SDIO_GetResponse), (16 bytes).
    Removing stm32f10x_sdio.o(i.SDIO_ITConfig), (24 bytes).
    Removing stm32f10x_sdio.o(i.SDIO_Init), (44 bytes).
    Removing stm32f10x_sdio.o(i.SDIO_ReadData), (12 bytes).
    Removing stm32f10x_sdio.o(i.SDIO_SendCEATACmd), (12 bytes).
    Removing stm32f10x_sdio.o(i.SDIO_SendCommand), (40 bytes).
    Removing stm32f10x_sdio.o(i.SDIO_SendSDIOSuspendCmd), (12 bytes).
    Removing stm32f10x_sdio.o(i.SDIO_SetPowerState), (24 bytes).
    Removing stm32f10x_sdio.o(i.SDIO_SetSDIOOperation), (12 bytes).
    Removing stm32f10x_sdio.o(i.SDIO_SetSDIOReadWaitMode), (12 bytes).
    Removing stm32f10x_sdio.o(i.SDIO_StartSDIOReadWait), (12 bytes).
    Removing stm32f10x_sdio.o(i.SDIO_StopSDIOReadWait), (12 bytes).
    Removing stm32f10x_sdio.o(i.SDIO_StructInit), (16 bytes).
    Removing stm32f10x_sdio.o(i.SDIO_WriteData), (12 bytes).
    Removing stm32f10x_spi.o(i.I2S_Cmd), (20 bytes).
    Removing stm32f10x_spi.o(i.I2S_Init), (150 bytes).
    Removing stm32f10x_spi.o(i.I2S_StructInit), (18 bytes).
    Removing stm32f10x_spi.o(i.SPI_BiDirectionalLineConfig), (22 bytes).
    Removing stm32f10x_spi.o(i.SPI_CalculateCRC), (20 bytes).
    Removing stm32f10x_spi.o(i.SPI_Cmd), (20 bytes).
    Removing stm32f10x_spi.o(i.SPI_DataSizeConfig), (16 bytes).
    Removing stm32f10x_spi.o(i.SPI_GetCRC), (12 bytes).
    Removing stm32f10x_spi.o(i.SPI_GetCRCPolynomial), (4 bytes).
    Removing stm32f10x_spi.o(i.SPI_I2S_ClearFlag), (6 bytes).
    Removing stm32f10x_spi.o(i.SPI_I2S_ClearITPendingBit), (14 bytes).
    Removing stm32f10x_spi.o(i.SPI_I2S_DMACmd), (16 bytes).
    Removing stm32f10x_spi.o(i.SPI_I2S_DeInit), (84 bytes).
    Removing stm32f10x_spi.o(i.SPI_I2S_GetFlagStatus), (14 bytes).
    Removing stm32f10x_spi.o(i.SPI_I2S_GetITStatus), (44 bytes).
    Removing stm32f10x_spi.o(i.SPI_I2S_ITConfig), (24 bytes).
    Removing stm32f10x_spi.o(i.SPI_I2S_ReceiveData), (4 bytes).
    Removing stm32f10x_spi.o(i.SPI_I2S_SendData), (4 bytes).
    Removing stm32f10x_spi.o(i.SPI_Init), (56 bytes).
    Removing stm32f10x_spi.o(i.SPI_NSSInternalSoftwareConfig), (24 bytes).
    Removing stm32f10x_spi.o(i.SPI_SSOutputCmd), (20 bytes).
    Removing stm32f10x_spi.o(i.SPI_StructInit), (24 bytes).
    Removing stm32f10x_spi.o(i.SPI_TransmitCRC), (10 bytes).
    Removing stm32f10x_tim.o(i.TI1_Config), (108 bytes).
    Removing stm32f10x_tim.o(i.TI2_Config), (124 bytes).
    Removing stm32f10x_tim.o(i.TIM_ARRPreloadConfig), (20 bytes).
    Removing stm32f10x_tim.o(i.TIM_BDTRConfig), (34 bytes).
    Removing stm32f10x_tim.o(i.TIM_BDTRStructInit), (18 bytes).
    Removing stm32f10x_tim.o(i.TIM_CCPreloadControl), (20 bytes).
    Removing stm32f10x_tim.o(i.TIM_CCxCmd), (22 bytes).
    Removing stm32f10x_tim.o(i.TIM_CCxNCmd), (22 bytes).
    Removing stm32f10x_tim.o(i.TIM_ClearOC1Ref), (12 bytes).
    Removing stm32f10x_tim.o(i.TIM_ClearOC2Ref), (20 bytes).
    Removing stm32f10x_tim.o(i.TIM_ClearOC3Ref), (12 bytes).
    Removing stm32f10x_tim.o(i.TIM_ClearOC4Ref), (20 bytes).
    Removing stm32f10x_tim.o(i.TIM_CounterModeConfig), (12 bytes).
    Removing stm32f10x_tim.o(i.TIM_CtrlPWMOutputs), (22 bytes).
    Removing stm32f10x_tim.o(i.TIM_DMACmd), (16 bytes).
    Removing stm32f10x_tim.o(i.TIM_DMAConfig), (8 bytes).
    Removing stm32f10x_tim.o(i.TIM_ETRClockMode1Config), (18 bytes).
    Removing stm32f10x_tim.o(i.TIM_ETRClockMode2Config), (18 bytes).
    Removing stm32f10x_tim.o(i.TIM_ETRConfig), (24 bytes).
    Removing stm32f10x_tim.o(i.TIM_EncoderInterfaceConfig), (50 bytes).
    Removing stm32f10x_tim.o(i.TIM_ForcedOC1Config), (12 bytes).
    Removing stm32f10x_tim.o(i.TIM_ForcedOC2Config), (20 bytes).
    Removing stm32f10x_tim.o(i.TIM_ForcedOC3Config), (12 bytes).
    Removing stm32f10x_tim.o(i.TIM_ForcedOC4Config), (20 bytes).
    Removing stm32f10x_tim.o(i.TIM_GenerateEvent), (4 bytes).
    Removing stm32f10x_tim.o(i.TIM_GetCapture1), (4 bytes).
    Removing stm32f10x_tim.o(i.TIM_GetCapture2), (4 bytes).
    Removing stm32f10x_tim.o(i.TIM_GetCapture3), (4 bytes).
    Removing stm32f10x_tim.o(i.TIM_GetCapture4), (6 bytes).
    Removing stm32f10x_tim.o(i.TIM_GetCounter), (4 bytes).
    Removing stm32f10x_tim.o(i.TIM_GetFlagStatus), (14 bytes).
    Removing stm32f10x_tim.o(i.TIM_GetPrescaler), (4 bytes).
    Removing stm32f10x_tim.o(i.TIM_ICInit), (300 bytes).
    Removing stm32f10x_tim.o(i.TIM_ICStructInit), (16 bytes).
    Removing stm32f10x_tim.o(i.TIM_ITRxExternalClockConfig), (18 bytes).
    Removing stm32f10x_tim.o(i.TIM_InternalClockConfig), (10 bytes).
    Removing stm32f10x_tim.o(i.TIM_OC1FastConfig), (12 bytes).
    Removing stm32f10x_tim.o(i.TIM_OC1Init), (128 bytes).
    Removing stm32f10x_tim.o(i.TIM_OC1NPolarityConfig), (12 bytes).
    Removing stm32f10x_tim.o(i.TIM_OC1PolarityConfig), (12 bytes).
    Removing stm32f10x_tim.o(i.TIM_OC1PreloadConfig), (12 bytes).
    Removing stm32f10x_tim.o(i.TIM_OC2FastConfig), (20 bytes).
    Removing stm32f10x_tim.o(i.TIM_OC2Init), (128 bytes).
    Removing stm32f10x_tim.o(i.TIM_OC2NPolarityConfig), (20 bytes).
    Removing stm32f10x_tim.o(i.TIM_OC2PolarityConfig), (20 bytes).
    Removing stm32f10x_tim.o(i.TIM_OC2PreloadConfig), (20 bytes).
    Removing stm32f10x_tim.o(i.TIM_OC3FastConfig), (12 bytes).
    Removing stm32f10x_tim.o(i.TIM_OC3Init), (124 bytes).
    Removing stm32f10x_tim.o(i.TIM_OC3NPolarityConfig), (20 bytes).
    Removing stm32f10x_tim.o(i.TIM_OC3PolarityConfig), (20 bytes).
    Removing stm32f10x_tim.o(i.TIM_OC3PreloadConfig), (12 bytes).
    Removing stm32f10x_tim.o(i.TIM_OC4FastConfig), (20 bytes).
    Removing stm32f10x_tim.o(i.TIM_OC4Init), (100 bytes).
    Removing stm32f10x_tim.o(i.TIM_OC4PolarityConfig), (20 bytes).
    Removing stm32f10x_tim.o(i.TIM_OC4PreloadConfig), (20 bytes).
    Removing stm32f10x_tim.o(i.TIM_OCStructInit), (20 bytes).
    Removing stm32f10x_tim.o(i.TIM_PWMIConfig), (108 bytes).
    Removing stm32f10x_tim.o(i.TIM_PrescalerConfig), (6 bytes).
    Removing stm32f10x_tim.o(i.TIM_SelectCCDMA), (20 bytes).
    Removing stm32f10x_tim.o(i.TIM_SelectCOM), (20 bytes).
    Removing stm32f10x_tim.o(i.TIM_SelectHallSensor), (20 bytes).
    Removing stm32f10x_tim.o(i.TIM_SelectInputTrigger), (12 bytes).
    Removing stm32f10x_tim.o(i.TIM_SelectMasterSlaveMode), (16 bytes).
    Removing stm32f10x_tim.o(i.TIM_SelectOCxM), (70 bytes).
    Removing stm32f10x_tim.o(i.TIM_SelectOnePulseMode), (16 bytes).
    Removing stm32f10x_tim.o(i.TIM_SelectOutputTrigger), (16 bytes).
    Removing stm32f10x_tim.o(i.TIM_SelectSlaveMode), (16 bytes).
    Removing stm32f10x_tim.o(i.TIM_SetAutoreload), (4 bytes).
    Removing stm32f10x_tim.o(i.TIM_SetClockDivision), (16 bytes).
    Removing stm32f10x_tim.o(i.TIM_SetCompare1), (4 bytes).
    Removing stm32f10x_tim.o(i.TIM_SetCompare2), (4 bytes).
    Removing stm32f10x_tim.o(i.TIM_SetCompare3), (4 bytes).
    Removing stm32f10x_tim.o(i.TIM_SetCompare4), (6 bytes).
    Removing stm32f10x_tim.o(i.TIM_SetIC1Prescaler), (16 bytes).
    Removing stm32f10x_tim.o(i.TIM_SetIC2Prescaler), (24 bytes).
    Removing stm32f10x_tim.o(i.TIM_SetIC3Prescaler), (16 bytes).
    Removing stm32f10x_tim.o(i.TIM_SetIC4Prescaler), (24 bytes).
    Removing stm32f10x_tim.o(i.TIM_TIxExternalClockConfig), (46 bytes).
    Removing stm32f10x_tim.o(i.TIM_TimeBaseStructInit), (18 bytes).
    Removing stm32f10x_tim.o(i.TIM_UpdateDisableConfig), (20 bytes).
    Removing stm32f10x_tim.o(i.TIM_UpdateRequestConfig), (20 bytes).
    Removing stm32f10x_usart.o(i.USART_ClearFlag), (6 bytes).
    Removing stm32f10x_usart.o(i.USART_ClearITPendingBit), (12 bytes).
    Removing stm32f10x_usart.o(i.USART_ClockInit), (30 bytes).
    Removing stm32f10x_usart.o(i.USART_ClockStructInit), (12 bytes).
    Removing stm32f10x_usart.o(i.USART_DMACmd), (16 bytes).
    Removing stm32f10x_usart.o(i.USART_DeInit), (116 bytes).
    Removing stm32f10x_usart.o(i.USART_HalfDuplexCmd), (20 bytes).
    Removing stm32f10x_usart.o(i.USART_IrDACmd), (20 bytes).
    Removing stm32f10x_usart.o(i.USART_IrDAConfig), (16 bytes).
    Removing stm32f10x_usart.o(i.USART_LINBreakDetectLengthConfig), (16 bytes).
    Removing stm32f10x_usart.o(i.USART_LINCmd), (20 bytes).
    Removing stm32f10x_usart.o(i.USART_OneBitMethodCmd), (20 bytes).
    Removing stm32f10x_usart.o(i.USART_OverSampling8Cmd), (20 bytes).
    Removing stm32f10x_usart.o(i.USART_ReceiverWakeUpCmd), (20 bytes).
    Removing stm32f10x_usart.o(i.USART_SendBreak), (10 bytes).
    Removing stm32f10x_usart.o(i.USART_SetAddress), (16 bytes).
    Removing stm32f10x_usart.o(i.USART_SetGuardTime), (16 bytes).
    Removing stm32f10x_usart.o(i.USART_SetPrescaler), (16 bytes).
    Removing stm32f10x_usart.o(i.USART_SmartCardCmd), (20 bytes).
    Removing stm32f10x_usart.o(i.USART_SmartCardNACKCmd), (20 bytes).
    Removing stm32f10x_usart.o(i.USART_StructInit), (22 bytes).
    Removing stm32f10x_usart.o(i.USART_WakeUpConfig), (16 bytes).
    Removing stm32f10x_wwdg.o(i.WWDG_ClearFlag), (12 bytes).
    Removing stm32f10x_wwdg.o(i.WWDG_DeInit), (24 bytes).
    Removing stm32f10x_wwdg.o(i.WWDG_Enable), (16 bytes).
    Removing stm32f10x_wwdg.o(i.WWDG_EnableIT), (16 bytes).
    Removing stm32f10x_wwdg.o(i.WWDG_GetFlagStatus), (12 bytes).
    Removing stm32f10x_wwdg.o(i.WWDG_SetCounter), (16 bytes).
    Removing stm32f10x_wwdg.o(i.WWDG_SetPrescaler), (20 bytes).
    Removing stm32f10x_wwdg.o(i.WWDG_SetWindowValue), (28 bytes).
    Removing beep.o(i.BEEP_GPIO_Config), (48 bytes).
    Removing beep.o(i.BEEP_MODE), (80 bytes).
    Removing beep.o(i.BEEP_OFF), (16 bytes).
    Removing beep.o(i.BEEP_ON), (16 bytes).
    Removing exti.o(i.EXTIX_Init), (2 bytes).
    Removing exti.o(.data), (4 bytes).
    Removing gpio.o(i.GP_GPIO_Init), (72 bytes).
    Removing gpio.o(i.GP_OLED_GPIO_Init), (44 bytes).
    Removing gpio.o(i.Warning_alarm_OFF), (12 bytes).
    Removing gpio.o(i.Warning_alarm_ON), (12 bytes).
    Removing key.o(i.Delay), (16 bytes).
    Removing key.o(i.Key_Scan), (50 bytes).
    Removing timer.o(.data), (1 bytes).
    Removing iic.o(i.IIC_Ack), (64 bytes).
    Removing iic.o(i.IIC_NAck), (64 bytes).
    Removing iic.o(i.IIC_Read_Byte), (108 bytes).
    Removing usart.o(i.fputc), (24 bytes).
    Removing usart.o(.data), (4 bytes).

467 unused section(s) (total 14290 bytes) removed from the image.

==============================================================================

Image Symbol Table

    Local Symbols

    Symbol Name                              Value     Ov Type        Size  Object(Section)

    ../clib/angel/boardlib.s                 0x00000000   Number         0  boardinit3.o ABSOLUTE
    ../clib/angel/boardlib.s                 0x00000000   Number         0  boardinit1.o ABSOLUTE
    ../clib/angel/boardlib.s                 0x00000000   Number         0  boardinit2.o ABSOLUTE
    ../clib/angel/boardlib.s                 0x00000000   Number         0  boardshut.o ABSOLUTE
    ../clib/angel/handlers.s                 0x00000000   Number         0  __scatter_zi.o ABSOLUTE
    ../clib/angel/handlers.s                 0x00000000   Number         0  __scatter_copy.o ABSOLUTE
    ../clib/angel/kernel.s                   0x00000000   Number         0  rtexit2.o ABSOLUTE
    ../clib/angel/kernel.s                   0x00000000   Number         0  __rtentry4.o ABSOLUTE
    ../clib/angel/kernel.s                   0x00000000   Number         0  __rtentry.o ABSOLUTE
    ../clib/angel/kernel.s                   0x00000000   Number         0  rtexit.o ABSOLUTE
    ../clib/angel/kernel.s                   0x00000000   Number         0  __rtentry2.o ABSOLUTE
    ../clib/angel/rt.s                       0x00000000   Number         0  rt_raise.o ABSOLUTE
    ../clib/angel/scatter.s                  0x00000000   Number         0  __scatter.o ABSOLUTE
    ../clib/angel/startup.s                  0x00000000   Number         0  __main.o ABSOLUTE
    ../clib/angel/sys.s                      0x00000000   Number         0  indicate_semi.o ABSOLUTE
    ../clib/angel/sys.s                      0x00000000   Number         0  use_no_semi_2.o ABSOLUTE
    ../clib/angel/sys.s                      0x00000000   Number         0  use_no_semi.o ABSOLUTE
    ../clib/angel/sys.s                      0x00000000   Number         0  libspace.o ABSOLUTE
    ../clib/angel/sys.s                      0x00000000   Number         0  sys_stackheap_outer.o ABSOLUTE
    ../clib/angel/sysapp.c                   0x00000000   Number         0  sys_command.o ABSOLUTE
    ../clib/angel/sysapp.c                   0x00000000   Number         0  sys_wrch.o ABSOLUTE
    ../clib/armsys.c                         0x00000000   Number         0  no_argv.o ABSOLUTE
    ../clib/armsys.c                         0x00000000   Number         0  argv_veneer.o ABSOLUTE
    ../clib/armsys.c                         0x00000000   Number         0  argv_veneer.o ABSOLUTE
    ../clib/armsys.c                         0x00000000   Number         0  _get_argv_nomalloc.o ABSOLUTE
    ../clib/heapalloc.c                      0x00000000   Number         0  hrguard.o ABSOLUTE
    ../clib/heapaux.c                        0x00000000   Number         0  heapauxi.o ABSOLUTE
    ../clib/libinit.s                        0x00000000   Number         0  libinit.o ABSOLUTE
    ../clib/libinit.s                        0x00000000   Number         0  libshutdown.o ABSOLUTE
    ../clib/libinit.s                        0x00000000   Number         0  libinit2.o ABSOLUTE
    ../clib/libinit.s                        0x00000000   Number         0  libshutdown2.o ABSOLUTE
    ../clib/memcpset.s                       0x00000000   Number         0  strcmpv7m.o ABSOLUTE
    ../clib/memcpset.s                       0x00000000   Number         0  rt_memclr_w.o ABSOLUTE
    ../clib/signal.c                         0x00000000   Number         0  defsig_abrt_inner.o ABSOLUTE
    ../clib/signal.c                         0x00000000   Number         0  defsig_fpe_inner.o ABSOLUTE
    ../clib/signal.c                         0x00000000   Number         0  defsig_segv_inner.o ABSOLUTE
    ../clib/signal.c                         0x00000000   Number         0  __raise.o ABSOLUTE
    ../clib/signal.c                         0x00000000   Number         0  defsig_cppl_inner.o ABSOLUTE
    ../clib/signal.c                         0x00000000   Number         0  defsig_general.o ABSOLUTE
    ../clib/signal.c                         0x00000000   Number         0  defsig_pvfn_inner.o ABSOLUTE
    ../clib/signal.c                         0x00000000   Number         0  defsig_stak_inner.o ABSOLUTE
    ../clib/signal.c                         0x00000000   Number         0  defsig_exit.o ABSOLUTE
    ../clib/signal.c                         0x00000000   Number         0  defsig_rtred_inner.o ABSOLUTE
    ../clib/signal.c                         0x00000000   Number         0  defsig_rtmem_outer.o ABSOLUTE
    ../clib/signal.c                         0x00000000   Number         0  defsig_other.o ABSOLUTE
    ../clib/signal.c                         0x00000000   Number         0  defsig_rtmem_formal.o ABSOLUTE
    ../clib/signal.c                         0x00000000   Number         0  defsig_rtmem_inner.o ABSOLUTE
    ../clib/signal.s                         0x00000000   Number         0  defsig.o ABSOLUTE
    ../clib/stdlib.c                         0x00000000   Number         0  exit.o ABSOLUTE
    ../clib/string.c                         0x00000000   Number         0  strlen.o ABSOLUTE
    ../fplib/d2f.s                           0x00000000   Number         0  d2f.o ABSOLUTE
    ../fplib/daddsub.s                       0x00000000   Number         0  daddsub_clz.o ABSOLUTE
    ../fplib/ddiv.s                          0x00000000   Number         0  ddiv.o ABSOLUTE
    ../fplib/dflt.s                          0x00000000   Number         0  dflt_clz.o ABSOLUTE
    ../fplib/dnaninf.s                       0x00000000   Number         0  dnaninf.o ABSOLUTE
    ../fplib/dretinf.s                       0x00000000   Number         0  dretinf.o ABSOLUTE
    ../fplib/fcheck1.s                       0x00000000   Number         0  fcheck1.o ABSOLUTE
    ../fplib/fdiv.s                          0x00000000   Number         0  fdiv.o ABSOLUTE
    ../fplib/ffixu.s                         0x00000000   Number         0  ffixu.o ABSOLUTE
    ../fplib/fmul.s                          0x00000000   Number         0  fmul.o ABSOLUTE
    ../fplib/fnaninf.s                       0x00000000   Number         0  fnaninf.o ABSOLUTE
    ../fplib/fpinit.s                        0x00000000   Number         0  fpinit.o ABSOLUTE
    ../fplib/fretinf.s                       0x00000000   Number         0  fretinf.o ABSOLUTE
    ../fplib/retnan.s                        0x00000000   Number         0  retnan.o ABSOLUTE
    ../fplib/scalbnf.s                       0x00000000   Number         0  scalbnf.o ABSOLUTE
    ../fplib/trapv.s                         0x00000000   Number         0  trapv.o ABSOLUTE
    ../fplib/usenofp.s                       0x00000000   Number         0  usenofp.o ABSOLUTE
    ..\CMSIS\core_cm3.c                      0x00000000   Number         0  core_cm3.o ABSOLUTE
    ..\CMSIS\system_stm32f10x.c              0x00000000   Number         0  system_stm32f10x.o ABSOLUTE
    ..\HARDWARE\DAC\dac.c                    0x00000000   Number         0  dac.o ABSOLUTE
    ..\HARDWARE\EXTI\exti.c                  0x00000000   Number         0  exti.o ABSOLUTE
    ..\HARDWARE\GPIO\gpio.c                  0x00000000   Number         0  gpio.o ABSOLUTE
    ..\HARDWARE\IIC\IIC.c                    0x00000000   Number         0  iic.o ABSOLUTE
    ..\HARDWARE\IIC\dis.c                    0x00000000   Number         0  dis.o ABSOLUTE
    ..\HARDWARE\KEY\key.c                    0x00000000   Number         0  key.o ABSOLUTE
    ..\HARDWARE\LED\led.c                    0x00000000   Number         0  led.o ABSOLUTE
    ..\HARDWARE\beep\beep.c                  0x00000000   Number         0  beep.o ABSOLUTE
    ..\HARDWARE\relay\relay.c                0x00000000   Number         0  relay.o ABSOLUTE
    ..\HARDWARE\timer\timer.c                0x00000000   Number         0  timer.o ABSOLUTE
    ..\Library\src\misc.c                    0x00000000   Number         0  misc.o ABSOLUTE
    ..\Library\src\stm32f10x_adc.c           0x00000000   Number         0  stm32f10x_adc.o ABSOLUTE
    ..\Library\src\stm32f10x_bkp.c           0x00000000   Number         0  stm32f10x_bkp.o ABSOLUTE
    ..\Library\src\stm32f10x_can.c           0x00000000   Number         0  stm32f10x_can.o ABSOLUTE
    ..\Library\src\stm32f10x_cec.c           0x00000000   Number         0  stm32f10x_cec.o ABSOLUTE
    ..\Library\src\stm32f10x_crc.c           0x00000000   Number         0  stm32f10x_crc.o ABSOLUTE
    ..\Library\src\stm32f10x_dac.c           0x00000000   Number         0  stm32f10x_dac.o ABSOLUTE
    ..\Library\src\stm32f10x_dbgmcu.c        0x00000000   Number         0  stm32f10x_dbgmcu.o ABSOLUTE
    ..\Library\src\stm32f10x_dma.c           0x00000000   Number         0  stm32f10x_dma.o ABSOLUTE
    ..\Library\src\stm32f10x_exti.c          0x00000000   Number         0  stm32f10x_exti.o ABSOLUTE
    ..\Library\src\stm32f10x_flash.c         0x00000000   Number         0  stm32f10x_flash.o ABSOLUTE
    ..\Library\src\stm32f10x_fsmc.c          0x00000000   Number         0  stm32f10x_fsmc.o ABSOLUTE
    ..\Library\src\stm32f10x_gpio.c          0x00000000   Number         0  stm32f10x_gpio.o ABSOLUTE
    ..\Library\src\stm32f10x_i2c.c           0x00000000   Number         0  stm32f10x_i2c.o ABSOLUTE
    ..\Library\src\stm32f10x_iwdg.c          0x00000000   Number         0  stm32f10x_iwdg.o ABSOLUTE
    ..\Library\src\stm32f10x_pwr.c           0x00000000   Number         0  stm32f10x_pwr.o ABSOLUTE
    ..\Library\src\stm32f10x_rcc.c           0x00000000   Number         0  stm32f10x_rcc.o ABSOLUTE
    ..\Library\src\stm32f10x_rtc.c           0x00000000   Number         0  stm32f10x_rtc.o ABSOLUTE
    ..\Library\src\stm32f10x_sdio.c          0x00000000   Number         0  stm32f10x_sdio.o ABSOLUTE
    ..\Library\src\stm32f10x_spi.c           0x00000000   Number         0  stm32f10x_spi.o ABSOLUTE
    ..\Library\src\stm32f10x_tim.c           0x00000000   Number         0  stm32f10x_tim.o ABSOLUTE
    ..\Library\src\stm32f10x_usart.c         0x00000000   Number         0  stm32f10x_usart.o ABSOLUTE
    ..\Library\src\stm32f10x_wwdg.c          0x00000000   Number         0  stm32f10x_wwdg.o ABSOLUTE
    ..\SYSTEM\delay\delay.c                  0x00000000   Number         0  delay.o ABSOLUTE
    ..\SYSTEM\sys\sys.c                      0x00000000   Number         0  sys.o ABSOLUTE
    ..\SYSTEM\usart\usart.c                  0x00000000   Number         0  usart.o ABSOLUTE
    ..\Startup\startup_stm32f10x_ld.s        0x00000000   Number         0  startup_stm32f10x_ld.o ABSOLUTE
    ..\User\comm.c                           0x00000000   Number         0  comm.o ABSOLUTE
    ..\User\main.c                           0x00000000   Number         0  main.o ABSOLUTE
    ..\\CMSIS\\core_cm3.c                    0x00000000   Number         0  core_cm3.o ABSOLUTE
    dc.s                                     0x00000000   Number         0  dc.o ABSOLUTE
    RESET                                    0x08000000   Section      236  startup_stm32f10x_ld.o(RESET)
    !!!main                                  0x080000ec   Section        8  __main.o(!!!main)
    !!!scatter                               0x080000f4   Section       52  __scatter.o(!!!scatter)
    !!handler_copy                           0x08000128   Section       26  __scatter_copy.o(!!handler_copy)
    !!handler_zi                             0x08000144   Section       28  __scatter_zi.o(!!handler_zi)
    .ARM.Collect$$libinit$$00000000          0x08000160   Section        2  libinit.o(.ARM.Collect$$libinit$$00000000)
    .ARM.Collect$$libinit$$00000002          0x08000162   Section        0  libinit2.o(.ARM.Collect$$libinit$$00000002)
    .ARM.Collect$$libinit$$00000004          0x08000162   Section        0  libinit2.o(.ARM.Collect$$libinit$$00000004)
    .ARM.Collect$$libinit$$0000000A          0x08000162   Section        0  libinit2.o(.ARM.Collect$$libinit$$0000000A)
    .ARM.Collect$$libinit$$0000000C          0x08000162   Section        0  libinit2.o(.ARM.Collect$$libinit$$0000000C)
    .ARM.Collect$$libinit$$0000000E          0x08000162   Section        0  libinit2.o(.ARM.Collect$$libinit$$0000000E)
    .ARM.Collect$$libinit$$00000011          0x08000162   Section        0  libinit2.o(.ARM.Collect$$libinit$$00000011)
    .ARM.Collect$$libinit$$00000013          0x08000162   Section        0  libinit2.o(.ARM.Collect$$libinit$$00000013)
    .ARM.Collect$$libinit$$00000015          0x08000162   Section        0  libinit2.o(.ARM.Collect$$libinit$$00000015)
    .ARM.Collect$$libinit$$00000017          0x08000162   Section        0  libinit2.o(.ARM.Collect$$libinit$$00000017)
    .ARM.Collect$$libinit$$00000019          0x08000162   Section        0  libinit2.o(.ARM.Collect$$libinit$$00000019)
    .ARM.Collect$$libinit$$0000001B          0x08000162   Section        0  libinit2.o(.ARM.Collect$$libinit$$0000001B)
    .ARM.Collect$$libinit$$0000001D          0x08000162   Section        0  libinit2.o(.ARM.Collect$$libinit$$0000001D)
    .ARM.Collect$$libinit$$0000001F          0x08000162   Section        0  libinit2.o(.ARM.Collect$$libinit$$0000001F)
    .ARM.Collect$$libinit$$00000021          0x08000162   Section        0  libinit2.o(.ARM.Collect$$libinit$$00000021)
    .ARM.Collect$$libinit$$00000023          0x08000162   Section        0  libinit2.o(.ARM.Collect$$libinit$$00000023)
    .ARM.Collect$$libinit$$00000025          0x08000162   Section        0  libinit2.o(.ARM.Collect$$libinit$$00000025)
    .ARM.Collect$$libinit$$0000002C          0x08000162   Section        0  libinit2.o(.ARM.Collect$$libinit$$0000002C)
    .ARM.Collect$$libinit$$0000002E          0x08000162   Section        0  libinit2.o(.ARM.Collect$$libinit$$0000002E)
    .ARM.Collect$$libinit$$00000030          0x08000162   Section        0  libinit2.o(.ARM.Collect$$libinit$$00000030)
    .ARM.Collect$$libinit$$00000032          0x08000162   Section        0  libinit2.o(.ARM.Collect$$libinit$$00000032)
    .ARM.Collect$$libinit$$00000033          0x08000162   Section        2  libinit2.o(.ARM.Collect$$libinit$$00000033)
    .ARM.Collect$$libshutdown$$00000000      0x08000164   Section        2  libshutdown.o(.ARM.Collect$$libshutdown$$00000000)
    .ARM.Collect$$libshutdown$$00000003      0x08000166   Section        0  libshutdown2.o(.ARM.Collect$$libshutdown$$00000003)
    .ARM.Collect$$libshutdown$$00000006      0x08000166   Section        0  libshutdown2.o(.ARM.Collect$$libshutdown$$00000006)
    .ARM.Collect$$libshutdown$$00000009      0x08000166   Section        0  libshutdown2.o(.ARM.Collect$$libshutdown$$00000009)
    .ARM.Collect$$libshutdown$$0000000B      0x08000166   Section        0  libshutdown2.o(.ARM.Collect$$libshutdown$$0000000B)
    .ARM.Collect$$libshutdown$$0000000E      0x08000166   Section        0  libshutdown2.o(.ARM.Collect$$libshutdown$$0000000E)
    .ARM.Collect$$libshutdown$$0000000F      0x08000166   Section        2  libshutdown2.o(.ARM.Collect$$libshutdown$$0000000F)
    .ARM.Collect$$rtentry$$00000000          0x08000168   Section        0  __rtentry.o(.ARM.Collect$$rtentry$$00000000)
    .ARM.Collect$$rtentry$$00000002          0x08000168   Section        0  __rtentry2.o(.ARM.Collect$$rtentry$$00000002)
    .ARM.Collect$$rtentry$$00000004          0x08000168   Section        6  __rtentry4.o(.ARM.Collect$$rtentry$$00000004)
    .ARM.Collect$$rtentry$$00000009          0x0800016e   Section        0  __rtentry2.o(.ARM.Collect$$rtentry$$00000009)
    .ARM.Collect$$rtentry$$0000000A          0x0800016e   Section        4  __rtentry2.o(.ARM.Collect$$rtentry$$0000000A)
    .ARM.Collect$$rtentry$$0000000C          0x08000172   Section        0  __rtentry2.o(.ARM.Collect$$rtentry$$0000000C)
    .ARM.Collect$$rtentry$$0000000D          0x08000172   Section        8  __rtentry2.o(.ARM.Collect$$rtentry$$0000000D)
    .ARM.Collect$$rtexit$$00000000           0x0800017a   Section        2  rtexit.o(.ARM.Collect$$rtexit$$00000000)
    .ARM.Collect$$rtexit$$00000002           0x0800017c   Section        0  rtexit2.o(.ARM.Collect$$rtexit$$00000002)
    .ARM.Collect$$rtexit$$00000003           0x0800017c   Section        4  rtexit2.o(.ARM.Collect$$rtexit$$00000003)
    .ARM.Collect$$rtexit$$00000004           0x08000180   Section        6  rtexit2.o(.ARM.Collect$$rtexit$$00000004)
    .text                                    0x08000188   Section       64  startup_stm32f10x_ld.o(.text)
    .text                                    0x080001c8   Section        2  use_no_semi_2.o(.text)
    .text                                    0x080001ca   Section        0  strlen.o(.text)
    .text                                    0x08000208   Section       78  rt_memclr_w.o(.text)
    .text                                    0x08000258   Section      128  strcmpv7m.o(.text)
    .text                                    0x080002d8   Section        0  heapauxi.o(.text)
    .text                                    0x080002de   Section        2  use_no_semi.o(.text)
    .text                                    0x080002e0   Section       74  sys_stackheap_outer.o(.text)
    .text                                    0x0800032a   Section        0  exit.o(.text)
    .text                                    0x08000338   Section        8  libspace.o(.text)
    i.DAC_Cmd                                0x08000340   Section        0  stm32f10x_dac.o(i.DAC_Cmd)
    i.DAC_Configuration                      0x08000358   Section        0  dac.o(i.DAC_Configuration)
    i.DAC_Init                               0x080003a8   Section        0  stm32f10x_dac.o(i.DAC_Init)
    i.DAC_SetChannel1Data                    0x080003d0   Section        0  stm32f10x_dac.o(i.DAC_SetChannel1Data)
    i.DAC_SoftwareTriggerCmd                 0x080003e4   Section        0  stm32f10x_dac.o(i.DAC_SoftwareTriggerCmd)
    i.DAC_Voltage_OutPut                     0x08000400   Section        0  dac.o(i.DAC_Voltage_OutPut)
    i.EXTI0_IRQHandler                       0x08000434   Section        0  exti.o(i.EXTI0_IRQHandler)
    i.EXTI_ClearITPendingBit                 0x0800044c   Section        0  stm32f10x_exti.o(i.EXTI_ClearITPendingBit)
    i.EXTI_GetITStatus                       0x08000458   Section        0  stm32f10x_exti.o(i.EXTI_GetITStatus)
    i.GPIO_Init                              0x08000478   Section        0  stm32f10x_gpio.o(i.GPIO_Init)
    i.GPIO_PinRemapConfig                    0x08000514   Section        0  stm32f10x_gpio.o(i.GPIO_PinRemapConfig)
    i.GPIO_ReadInputDataBit                  0x0800056c   Section        0  stm32f10x_gpio.o(i.GPIO_ReadInputDataBit)
    i.GPIO_ResetBits                         0x0800057a   Section        0  stm32f10x_gpio.o(i.GPIO_ResetBits)
    i.GPIO_SetBits                           0x0800057e   Section        0  stm32f10x_gpio.o(i.GPIO_SetBits)
    i.GP_CommArrange                         0x08000584   Section        0  comm.o(i.GP_CommArrange)
    i.GP_CommProcess                         0x080005c4   Section        0  comm.o(i.GP_CommProcess)
    i.GP_CurrentSet                          0x08000624   Section        0  comm.o(i.GP_CurrentSet)
    i.GP_LEL2Current                         0x0800064c   Section        0  comm.o(i.GP_LEL2Current)
    i.GP_SensorSet                           0x08000678   Section        0  comm.o(i.GP_SensorSet)
    i.Get_Key_Process                        0x08000870   Section        0  key.o(i.Get_Key_Process)
    i.IIC_Init                               0x0800089c   Section        0  iic.o(i.IIC_Init)
    i.IIC_Send_Byte                          0x080008d0   Section        0  iic.o(i.IIC_Send_Byte)
    i.IIC_Start                              0x08000938   Section        0  iic.o(i.IIC_Start)
    i.IIC_Stop                               0x08000978   Section        0  iic.o(i.IIC_Stop)
    i.IIC_Wait_Ack                           0x080009bc   Section        0  iic.o(i.IIC_Wait_Ack)
    i.Key_GPIO_Config                        0x08000a14   Section        0  key.o(i.Key_GPIO_Config)
    i.Key_Process                            0x08000a94   Section        0  key.o(i.Key_Process)
    i.LCD_DisAll                             0x08000b3c   Section        0  dis.o(i.LCD_DisAll)
    i.LCD_DisClear                           0x08000b66   Section        0  dis.o(i.LCD_DisClear)
    i.LCD_DisLEL                             0x08000b80   Section        0  dis.o(i.LCD_DisLEL)
    i.LCD_DisLELValue                        0x08000b90   Section        0  dis.o(i.LCD_DisLELValue)
    i.LCD_DisNum                             0x08000bcc   Section        0  dis.o(i.LCD_DisNum)
    i.LCD_DisPPM                             0x08000cec   Section        0  dis.o(i.LCD_DisPPM)
    i.LCD_DisPPMValue                        0x08000cfc   Section        0  dis.o(i.LCD_DisPPMValue)
    i.LED_GPIO_Config                        0x08000d0c   Section        0  led.o(i.LED_GPIO_Config)
    i.NVIC_Configuration                     0x08000d60   Section        0  sys.o(i.NVIC_Configuration)
    i.NVIC_Init                              0x08000d68   Section        0  misc.o(i.NVIC_Init)
    i.NVIC_PriorityGroupConfig               0x08000dcc   Section        0  misc.o(i.NVIC_PriorityGroupConfig)
    i.PCF8576_Disp                           0x08000de0   Section        0  dis.o(i.PCF8576_Disp)
    i.PCF8576_Ini                            0x08000dfe   Section        0  dis.o(i.PCF8576_Ini)
    i.PCF8576_Point                          0x08000e1e   Section        0  dis.o(i.PCF8576_Point)
    i.PCF8576_WriteCommand                   0x08000e38   Section        0  dis.o(i.PCF8576_WriteCommand)
    i.PCF8576_WritePoint                     0x08000e5c   Section        0  dis.o(i.PCF8576_WritePoint)
    i.PCF8576_WriteStr                       0x08000e8c   Section        0  dis.o(i.PCF8576_WriteStr)
    i.RCC_APB1PeriphClockCmd                 0x08000ecc   Section        0  stm32f10x_rcc.o(i.RCC_APB1PeriphClockCmd)
    i.RCC_APB1PeriphResetCmd                 0x08000ee4   Section        0  stm32f10x_rcc.o(i.RCC_APB1PeriphResetCmd)
    i.RCC_APB2PeriphClockCmd                 0x08000efc   Section        0  stm32f10x_rcc.o(i.RCC_APB2PeriphClockCmd)
    i.RCC_APB2PeriphResetCmd                 0x08000f14   Section        0  stm32f10x_rcc.o(i.RCC_APB2PeriphResetCmd)
    i.RCC_GetClocksFreq                      0x08000f2c   Section        0  stm32f10x_rcc.o(i.RCC_GetClocksFreq)
    i.RELAY_GPIO_Config                      0x08000fc8   Section        0  relay.o(i.RELAY_GPIO_Config)
    i.SetSysClockTo24                        0x08001030   Section        0  system_stm32f10x.o(i.SetSysClockTo24)
    SetSysClockTo24                          0x08001031   Thumb Code   130  system_stm32f10x.o(i.SetSysClockTo24)
    i.SysTick_CLKSourceConfig                0x080010b8   Section        0  misc.o(i.SysTick_CLKSourceConfig)
    i.SystemInit                             0x080010d0   Section        0  system_stm32f10x.o(i.SystemInit)
    i.SystemInit11                           0x08001124   Section        0  main.o(i.SystemInit11)
    i.TIM2_Configuration                     0x0800116c   Section        0  timer.o(i.TIM2_Configuration)
    i.TIM2_IRQHandler                        0x080011d4   Section        0  timer.o(i.TIM2_IRQHandler)
    i.TIM2_NVIC_Configuration                0x080012b8   Section        0  timer.o(i.TIM2_NVIC_Configuration)
    i.TIM3_IRQHandler                        0x080012e4   Section        0  usart.o(i.TIM3_IRQHandler)
    i.TIM3_Init                              0x08001328   Section        0  usart.o(i.TIM3_Init)
    i.TIM3_Set                               0x08001384   Section        0  usart.o(i.TIM3_Set)
    i.TIM_ClearFlag                          0x080013ac   Section        0  stm32f10x_tim.o(i.TIM_ClearFlag)
    i.TIM_ClearITPendingBit                  0x080013b2   Section        0  stm32f10x_tim.o(i.TIM_ClearITPendingBit)
    i.TIM_Cmd                                0x080013b8   Section        0  stm32f10x_tim.o(i.TIM_Cmd)
    i.TIM_DeInit                             0x080013cc   Section        0  stm32f10x_tim.o(i.TIM_DeInit)
    i.TIM_GetITStatus                        0x0800153c   Section        0  stm32f10x_tim.o(i.TIM_GetITStatus)
    i.TIM_ITConfig                           0x08001554   Section        0  stm32f10x_tim.o(i.TIM_ITConfig)
    i.TIM_SetCounter                         0x08001564   Section        0  stm32f10x_tim.o(i.TIM_SetCounter)
    i.TIM_TimeBaseInit                       0x08001568   Section        0  stm32f10x_tim.o(i.TIM_TimeBaseInit)
    i.UART1SendByte                          0x08001604   Section        0  usart.o(i.UART1SendByte)
    i.USART1_IRQHandler                      0x08001624   Section        0  usart.o(i.USART1_IRQHandler)
    i.USART_Cmd                              0x08001694   Section        0  stm32f10x_usart.o(i.USART_Cmd)
    i.USART_GetFlagStatus                    0x080016a8   Section        0  stm32f10x_usart.o(i.USART_GetFlagStatus)
    i.USART_GetITStatus                      0x080016b6   Section        0  stm32f10x_usart.o(i.USART_GetITStatus)
    i.USART_ITConfig                         0x080016f4   Section        0  stm32f10x_usart.o(i.USART_ITConfig)
    i.USART_Init                             0x08001724   Section        0  stm32f10x_usart.o(i.USART_Init)
    i.USART_ReceiveData                      0x080017d0   Section        0  stm32f10x_usart.o(i.USART_ReceiveData)
    i.USART_SendData                         0x080017d8   Section        0  stm32f10x_usart.o(i.USART_SendData)
    i._sys_exit                              0x080017e0   Section        0  usart.o(i._sys_exit)
    i.delay_init                             0x080017e4   Section        0  delay.o(i.delay_init)
    i.delay_ms                               0x08001820   Section        0  delay.o(i.delay_ms)
    i.delay_us                               0x08001854   Section        0  delay.o(i.delay_us)
    i.main                                   0x08001888   Section        0  main.o(i.main)
    i.uart_init                              0x080019bc   Section        0  usart.o(i.uart_init)
    x$fpl$d2f                                0x08001a8c   Section       98  d2f.o(x$fpl$d2f)
    x$fpl$dadd                               0x08001af0   Section      336  daddsub_clz.o(x$fpl$dadd)
    _dadd1                                   0x08001b01   Thumb Code     0  daddsub_clz.o(x$fpl$dadd)
    x$fpl$ddiv                               0x08001c40   Section      688  ddiv.o(x$fpl$ddiv)
    ddiv_entry                               0x08001c47   Thumb Code     0  ddiv.o(x$fpl$ddiv)
    x$fpl$dfltu                              0x08001ef0   Section       38  dflt_clz.o(x$fpl$dfltu)
    x$fpl$dnaninf                            0x08001f16   Section      156  dnaninf.o(x$fpl$dnaninf)
    x$fpl$dretinf                            0x08001fb2   Section       12  dretinf.o(x$fpl$dretinf)
    x$fpl$dsub                               0x08001fc0   Section      468  daddsub_clz.o(x$fpl$dsub)
    _dsub1                                   0x08001fd1   Thumb Code     0  daddsub_clz.o(x$fpl$dsub)
    x$fpl$fcheck1                            0x08002194   Section       12  fcheck1.o(x$fpl$fcheck1)
    x$fpl$fdiv                               0x080021a0   Section      388  fdiv.o(x$fpl$fdiv)
    _fdiv1                                   0x080021a1   Thumb Code     0  fdiv.o(x$fpl$fdiv)
    x$fpl$ffixu                              0x08002324   Section       62  ffixu.o(x$fpl$ffixu)
    x$fpl$fmul                               0x08002364   Section      258  fmul.o(x$fpl$fmul)
    x$fpl$fnaninf                            0x08002466   Section      140  fnaninf.o(x$fpl$fnaninf)
    x$fpl$fretinf                            0x080024f2   Section       10  fretinf.o(x$fpl$fretinf)
    x$fpl$retnan                             0x080024fc   Section      100  retnan.o(x$fpl$retnan)
    x$fpl$scalbnf                            0x08002560   Section       76  scalbnf.o(x$fpl$scalbnf)
    x$fpl$trapveneer                         0x080025ac   Section       48  trapv.o(x$fpl$trapveneer)
    x$fpl$usenofp                            0x080025dc   Section        0  usenofp.o(x$fpl$usenofp)
    .data                                    0x20000000   Section       20  system_stm32f10x.o(.data)
    .data                                    0x20000014   Section       72  comm.o(.data)
    .data                                    0x2000005c   Section       20  stm32f10x_rcc.o(.data)
    ADCPrescTable                            0x2000005c   Data           4  stm32f10x_rcc.o(.data)
    APBAHBPrescTable                         0x20000060   Data          16  stm32f10x_rcc.o(.data)
    .data                                    0x20000070   Section       30  timer.o(.data)
    .data                                    0x2000008e   Section       37  dis.o(.data)
    .data                                    0x200000b4   Section        4  delay.o(.data)
    fac_us                                   0x200000b4   Data           1  delay.o(.data)
    fac_ms                                   0x200000b6   Data           2  delay.o(.data)
    .data                                    0x200000b8   Section        2  usart.o(.data)
    .bss                                     0x200000bc   Section      200  comm.o(.bss)
    .bss                                     0x20000184   Section      200  usart.o(.bss)
    .bss                                     0x2000024c   Section       96  libspace.o(.bss)
    HEAP                                     0x200002b0   Section      512  startup_stm32f10x_ld.o(HEAP)
    Heap_Mem                                 0x200002b0   Data         512  startup_stm32f10x_ld.o(HEAP)
    STACK                                    0x200004b0   Section     1024  startup_stm32f10x_ld.o(STACK)
    Stack_Mem                                0x200004b0   Data        1024  startup_stm32f10x_ld.o(STACK)
    __initial_sp                             0x200008b0   Data           0  startup_stm32f10x_ld.o(STACK)

    Global Symbols

    Symbol Name                              Value     Ov Type        Size  Object(Section)

    BuildAttributes$$THM_ISAv4$P$D$K$B$S$PE$A:L22UL41UL21$X:L11$S22US41US21$IEEE1$IW$USESV6$~STKCKD$USESV7$~SHL$OSPACE$ROPI$EBA8$UX$STANDARDLIB$REQ8$PRES8$EABIv2 0x00000000   Number         0  anon$$obj.o ABSOLUTE
    __ARM_use_no_argv                        0x00000000   Number         0  main.o ABSOLUTE
    __ARM_exceptions_init                     - Undefined Weak Reference
    __alloca_initialize                       - Undefined Weak Reference
    __arm_preinit_                            - Undefined Weak Reference
    __cpp_initialize__aeabi_                  - Undefined Weak Reference
    __cxa_finalize                            - Undefined Weak Reference
    __rt_locale                               - Undefined Weak Reference
    __sigvec_lookup                           - Undefined Weak Reference
    _atexit_init                              - Undefined Weak Reference
    _call_atexit_fns                          - Undefined Weak Reference
    _clock_init                               - Undefined Weak Reference
    _fp_trap_init                             - Undefined Weak Reference
    _fp_trap_shutdown                         - Undefined Weak Reference
    _get_lc_collate                           - Undefined Weak Reference
    _get_lc_ctype                             - Undefined Weak Reference
    _get_lc_monetary                          - Undefined Weak Reference
    _get_lc_numeric                           - Undefined Weak Reference
    _get_lc_time                              - Undefined Weak Reference
    _getenv_init                              - Undefined Weak Reference
    _handle_redirection                       - Undefined Weak Reference
    _init_alloc                               - Undefined Weak Reference
    _init_user_alloc                          - Undefined Weak Reference
    _initio                                   - Undefined Weak Reference
    _rand_init                                - Undefined Weak Reference
    _signal_finish                            - Undefined Weak Reference
    _signal_init                              - Undefined Weak Reference
    _terminate_alloc                          - Undefined Weak Reference
    _terminate_user_alloc                     - Undefined Weak Reference
    _terminateio                              - Undefined Weak Reference
    __Vectors_Size                           0x000000ec   Number         0  startup_stm32f10x_ld.o ABSOLUTE
    __Vectors                                0x08000000   Data           4  startup_stm32f10x_ld.o(RESET)
    __Vectors_End                            0x080000ec   Data           0  startup_stm32f10x_ld.o(RESET)
    __main                                   0x080000ed   Thumb Code     8  __main.o(!!!main)
    __scatterload                            0x080000f5   Thumb Code     0  __scatter.o(!!!scatter)
    __scatterload_rt2                        0x080000f5   Thumb Code    44  __scatter.o(!!!scatter)
    __scatterload_rt2_thumb_only             0x080000f5   Thumb Code     0  __scatter.o(!!!scatter)
    __scatterload_null                       0x08000103   Thumb Code     0  __scatter.o(!!!scatter)
    __scatterload_copy                       0x08000129   Thumb Code    26  __scatter_copy.o(!!handler_copy)
    __scatterload_zeroinit                   0x08000145   Thumb Code    28  __scatter_zi.o(!!handler_zi)
    __rt_lib_init                            0x08000161   Thumb Code     0  libinit.o(.ARM.Collect$$libinit$$00000000)
    __rt_lib_init_alloca_1                   0x08000163   Thumb Code     0  libinit2.o(.ARM.Collect$$libinit$$0000002E)
    __rt_lib_init_argv_1                     0x08000163   Thumb Code     0  libinit2.o(.ARM.Collect$$libinit$$0000002C)
    __rt_lib_init_atexit_1                   0x08000163   Thumb Code     0  libinit2.o(.ARM.Collect$$libinit$$0000001B)
    __rt_lib_init_clock_1                    0x08000163   Thumb Code     0  libinit2.o(.ARM.Collect$$libinit$$00000021)
    __rt_lib_init_cpp_1                      0x08000163   Thumb Code     0  libinit2.o(.ARM.Collect$$libinit$$00000032)
    __rt_lib_init_exceptions_1               0x08000163   Thumb Code     0  libinit2.o(.ARM.Collect$$libinit$$00000030)
    __rt_lib_init_fp_1                       0x08000163   Thumb Code     0  libinit2.o(.ARM.Collect$$libinit$$00000002)
    __rt_lib_init_fp_trap_1                  0x08000163   Thumb Code     0  libinit2.o(.ARM.Collect$$libinit$$0000001F)
    __rt_lib_init_getenv_1                   0x08000163   Thumb Code     0  libinit2.o(.ARM.Collect$$libinit$$00000023)
    __rt_lib_init_heap_1                     0x08000163   Thumb Code     0  libinit2.o(.ARM.Collect$$libinit$$0000000A)
    __rt_lib_init_lc_collate_1               0x08000163   Thumb Code     0  libinit2.o(.ARM.Collect$$libinit$$00000011)
    __rt_lib_init_lc_ctype_1                 0x08000163   Thumb Code     0  libinit2.o(.ARM.Collect$$libinit$$00000013)
    __rt_lib_init_lc_monetary_1              0x08000163   Thumb Code     0  libinit2.o(.ARM.Collect$$libinit$$00000015)
    __rt_lib_init_lc_numeric_1               0x08000163   Thumb Code     0  libinit2.o(.ARM.Collect$$libinit$$00000017)
    __rt_lib_init_lc_time_1                  0x08000163   Thumb Code     0  libinit2.o(.ARM.Collect$$libinit$$00000019)
    __rt_lib_init_preinit_1                  0x08000163   Thumb Code     0  libinit2.o(.ARM.Collect$$libinit$$00000004)
    __rt_lib_init_rand_1                     0x08000163   Thumb Code     0  libinit2.o(.ARM.Collect$$libinit$$0000000E)
    __rt_lib_init_return                     0x08000163   Thumb Code     0  libinit2.o(.ARM.Collect$$libinit$$00000033)
    __rt_lib_init_signal_1                   0x08000163   Thumb Code     0  libinit2.o(.ARM.Collect$$libinit$$0000001D)
    __rt_lib_init_stdio_1                    0x08000163   Thumb Code     0  libinit2.o(.ARM.Collect$$libinit$$00000025)
    __rt_lib_init_user_alloc_1               0x08000163   Thumb Code     0  libinit2.o(.ARM.Collect$$libinit$$0000000C)
    __rt_lib_shutdown                        0x08000165   Thumb Code     0  libshutdown.o(.ARM.Collect$$libshutdown$$00000000)
    __rt_lib_shutdown_fp_trap_1              0x08000167   Thumb Code     0  libshutdown2.o(.ARM.Collect$$libshutdown$$00000006)
    __rt_lib_shutdown_heap_1                 0x08000167   Thumb Code     0  libshutdown2.o(.ARM.Collect$$libshutdown$$0000000E)
    __rt_lib_shutdown_return                 0x08000167   Thumb Code     0  libshutdown2.o(.ARM.Collect$$libshutdown$$0000000F)
    __rt_lib_shutdown_signal_1               0x08000167   Thumb Code     0  libshutdown2.o(.ARM.Collect$$libshutdown$$00000009)
    __rt_lib_shutdown_stdio_1                0x08000167   Thumb Code     0  libshutdown2.o(.ARM.Collect$$libshutdown$$00000003)
    __rt_lib_shutdown_user_alloc_1           0x08000167   Thumb Code     0  libshutdown2.o(.ARM.Collect$$libshutdown$$0000000B)
    __rt_entry                               0x08000169   Thumb Code     0  __rtentry.o(.ARM.Collect$$rtentry$$00000000)
    __rt_entry_presh_1                       0x08000169   Thumb Code     0  __rtentry2.o(.ARM.Collect$$rtentry$$00000002)
    __rt_entry_sh                            0x08000169   Thumb Code     0  __rtentry4.o(.ARM.Collect$$rtentry$$00000004)
    __rt_entry_li                            0x0800016f   Thumb Code     0  __rtentry2.o(.ARM.Collect$$rtentry$$0000000A)
    __rt_entry_postsh_1                      0x0800016f   Thumb Code     0  __rtentry2.o(.ARM.Collect$$rtentry$$00000009)
    __rt_entry_main                          0x08000173   Thumb Code     0  __rtentry2.o(.ARM.Collect$$rtentry$$0000000D)
    __rt_entry_postli_1                      0x08000173   Thumb Code     0  __rtentry2.o(.ARM.Collect$$rtentry$$0000000C)
    __rt_exit                                0x0800017b   Thumb Code     0  rtexit.o(.ARM.Collect$$rtexit$$00000000)
    __rt_exit_ls                             0x0800017d   Thumb Code     0  rtexit2.o(.ARM.Collect$$rtexit$$00000003)
    __rt_exit_prels_1                        0x0800017d   Thumb Code     0  rtexit2.o(.ARM.Collect$$rtexit$$00000002)
    __rt_exit_exit                           0x08000181   Thumb Code     0  rtexit2.o(.ARM.Collect$$rtexit$$00000004)
    Reset_Handler                            0x08000189   Thumb Code     8  startup_stm32f10x_ld.o(.text)
    NMI_Handler                              0x08000191   Thumb Code     2  startup_stm32f10x_ld.o(.text)
    HardFault_Handler                        0x08000193   Thumb Code     2  startup_stm32f10x_ld.o(.text)
    MemManage_Handler                        0x08000195   Thumb Code     2  startup_stm32f10x_ld.o(.text)
    BusFault_Handler                         0x08000197   Thumb Code     2  startup_stm32f10x_ld.o(.text)
    UsageFault_Handler                       0x08000199   Thumb Code     2  startup_stm32f10x_ld.o(.text)
    SVC_Handler                              0x0800019b   Thumb Code     2  startup_stm32f10x_ld.o(.text)
    DebugMon_Handler                         0x0800019d   Thumb Code     2  startup_stm32f10x_ld.o(.text)
    PendSV_Handler                           0x0800019f   Thumb Code     2  startup_stm32f10x_ld.o(.text)
    SysTick_Handler                          0x080001a1   Thumb Code     2  startup_stm32f10x_ld.o(.text)
    ADC1_2_IRQHandler                        0x080001a3   Thumb Code     0  startup_stm32f10x_ld.o(.text)
    CAN1_RX1_IRQHandler                      0x080001a3   Thumb Code     0  startup_stm32f10x_ld.o(.text)
    CAN1_SCE_IRQHandler                      0x080001a3   Thumb Code     0  startup_stm32f10x_ld.o(.text)
    DMA1_Channel1_IRQHandler                 0x080001a3   Thumb Code     0  startup_stm32f10x_ld.o(.text)
    DMA1_Channel2_IRQHandler                 0x080001a3   Thumb Code     0  startup_stm32f10x_ld.o(.text)
    DMA1_Channel3_IRQHandler                 0x080001a3   Thumb Code     0  startup_stm32f10x_ld.o(.text)
    DMA1_Channel4_IRQHandler                 0x080001a3   Thumb Code     0  startup_stm32f10x_ld.o(.text)
    DMA1_Channel5_IRQHandler                 0x080001a3   Thumb Code     0  startup_stm32f10x_ld.o(.text)
    DMA1_Channel6_IRQHandler                 0x080001a3   Thumb Code     0  startup_stm32f10x_ld.o(.text)
    DMA1_Channel7_IRQHandler                 0x080001a3   Thumb Code     0  startup_stm32f10x_ld.o(.text)
    EXTI15_10_IRQHandler                     0x080001a3   Thumb Code     0  startup_stm32f10x_ld.o(.text)
    EXTI1_IRQHandler                         0x080001a3   Thumb Code     0  startup_stm32f10x_ld.o(.text)
    EXTI2_IRQHandler                         0x080001a3   Thumb Code     0  startup_stm32f10x_ld.o(.text)
    EXTI3_IRQHandler                         0x080001a3   Thumb Code     0  startup_stm32f10x_ld.o(.text)
    EXTI4_IRQHandler                         0x080001a3   Thumb Code     0  startup_stm32f10x_ld.o(.text)
    EXTI9_5_IRQHandler                       0x080001a3   Thumb Code     0  startup_stm32f10x_ld.o(.text)
    FLASH_IRQHandler                         0x080001a3   Thumb Code     0  startup_stm32f10x_ld.o(.text)
    I2C1_ER_IRQHandler                       0x080001a3   Thumb Code     0  startup_stm32f10x_ld.o(.text)
    I2C1_EV_IRQHandler                       0x080001a3   Thumb Code     0  startup_stm32f10x_ld.o(.text)
    PVD_IRQHandler                           0x080001a3   Thumb Code     0  startup_stm32f10x_ld.o(.text)
    RCC_IRQHandler                           0x080001a3   Thumb Code     0  startup_stm32f10x_ld.o(.text)
    RTCAlarm_IRQHandler                      0x080001a3   Thumb Code     0  startup_stm32f10x_ld.o(.text)
    RTC_IRQHandler                           0x080001a3   Thumb Code     0  startup_stm32f10x_ld.o(.text)
    SPI1_IRQHandler                          0x080001a3   Thumb Code     0  startup_stm32f10x_ld.o(.text)
    TAMPER_IRQHandler                        0x080001a3   Thumb Code     0  startup_stm32f10x_ld.o(.text)
    TIM1_BRK_IRQHandler                      0x080001a3   Thumb Code     0  startup_stm32f10x_ld.o(.text)
    TIM1_CC_IRQHandler                       0x080001a3   Thumb Code     0  startup_stm32f10x_ld.o(.text)
    TIM1_TRG_COM_IRQHandler                  0x080001a3   Thumb Code     0  startup_stm32f10x_ld.o(.text)
    TIM1_UP_IRQHandler                       0x080001a3   Thumb Code     0  startup_stm32f10x_ld.o(.text)
    USART2_IRQHandler                        0x080001a3   Thumb Code     0  startup_stm32f10x_ld.o(.text)
    USBWakeUp_IRQHandler                     0x080001a3   Thumb Code     0  startup_stm32f10x_ld.o(.text)
    USB_HP_CAN1_TX_IRQHandler                0x080001a3   Thumb Code     0  startup_stm32f10x_ld.o(.text)
    USB_LP_CAN1_RX0_IRQHandler               0x080001a3   Thumb Code     0  startup_stm32f10x_ld.o(.text)
    WWDG_IRQHandler                          0x080001a3   Thumb Code     0  startup_stm32f10x_ld.o(.text)
    __user_initial_stackheap                 0x080001a5   Thumb Code     0  startup_stm32f10x_ld.o(.text)
    __use_no_semihosting                     0x080001c9   Thumb Code     2  use_no_semi_2.o(.text)
    strlen                                   0x080001cb   Thumb Code    62  strlen.o(.text)
    __aeabi_memclr4                          0x08000209   Thumb Code     0  rt_memclr_w.o(.text)
    __aeabi_memclr8                          0x08000209   Thumb Code     0  rt_memclr_w.o(.text)
    __rt_memclr_w                            0x08000209   Thumb Code    78  rt_memclr_w.o(.text)
    _memset_w                                0x0800020d   Thumb Code     0  rt_memclr_w.o(.text)
    strcmp                                   0x08000259   Thumb Code   128  strcmpv7m.o(.text)
    __use_two_region_memory                  0x080002d9   Thumb Code     2  heapauxi.o(.text)
    __rt_heap_escrow$2region                 0x080002db   Thumb Code     2  heapauxi.o(.text)
    __rt_heap_expand$2region                 0x080002dd   Thumb Code     2  heapauxi.o(.text)
    __I$use$semihosting                      0x080002df   Thumb Code     0  use_no_semi.o(.text)
    __use_no_semihosting_swi                 0x080002df   Thumb Code     2  use_no_semi.o(.text)
    __user_setup_stackheap                   0x080002e1   Thumb Code    74  sys_stackheap_outer.o(.text)
    exit                                     0x0800032b   Thumb Code    12  exit.o(.text)
    __user_libspace                          0x08000339   Thumb Code     8  libspace.o(.text)
    __user_perproc_libspace                  0x08000339   Thumb Code     0  libspace.o(.text)
    __user_perthread_libspace                0x08000339   Thumb Code     0  libspace.o(.text)
    DAC_Cmd                                  0x08000341   Thumb Code    20  stm32f10x_dac.o(i.DAC_Cmd)
    DAC_Configuration                        0x08000359   Thumb Code    76  dac.o(i.DAC_Configuration)
    DAC_Init                                 0x080003a9   Thumb Code    36  stm32f10x_dac.o(i.DAC_Init)
    DAC_SetChannel1Data                      0x080003d1   Thumb Code    14  stm32f10x_dac.o(i.DAC_SetChannel1Data)
    DAC_SoftwareTriggerCmd                   0x080003e5   Thumb Code    24  stm32f10x_dac.o(i.DAC_SoftwareTriggerCmd)
    DAC_Voltage_OutPut                       0x08000401   Thumb Code    44  dac.o(i.DAC_Voltage_OutPut)
    EXTI0_IRQHandler                         0x08000435   Thumb Code    24  exti.o(i.EXTI0_IRQHandler)
    EXTI_ClearITPendingBit                   0x0800044d   Thumb Code     6  stm32f10x_exti.o(i.EXTI_ClearITPendingBit)
    EXTI_GetITStatus                         0x08000459   Thumb Code    28  stm32f10x_exti.o(i.EXTI_GetITStatus)
    GPIO_Init                                0x08000479   Thumb Code   156  stm32f10x_gpio.o(i.GPIO_Init)
    GPIO_PinRemapConfig                      0x08000515   Thumb Code    82  stm32f10x_gpio.o(i.GPIO_PinRemapConfig)
    GPIO_ReadInputDataBit                    0x0800056d   Thumb Code    14  stm32f10x_gpio.o(i.GPIO_ReadInputDataBit)
    GPIO_ResetBits                           0x0800057b   Thumb Code     4  stm32f10x_gpio.o(i.GPIO_ResetBits)
    GPIO_SetBits                             0x0800057f   Thumb Code     4  stm32f10x_gpio.o(i.GPIO_SetBits)
    GP_CommArrange                           0x08000585   Thumb Code    50  comm.o(i.GP_CommArrange)
    GP_CommProcess                           0x080005c5   Thumb Code    88  comm.o(i.GP_CommProcess)
    GP_CurrentSet                            0x08000625   Thumb Code    32  comm.o(i.GP_CurrentSet)
    GP_LEL2Current                           0x0800064d   Thumb Code    34  comm.o(i.GP_LEL2Current)
    GP_SensorSet                             0x08000679   Thumb Code   484  comm.o(i.GP_SensorSet)
    Get_Key_Process                          0x08000871   Thumb Code    34  key.o(i.Get_Key_Process)
    IIC_Init                                 0x0800089d   Thumb Code    48  iic.o(i.IIC_Init)
    IIC_Send_Byte                            0x080008d1   Thumb Code    94  iic.o(i.IIC_Send_Byte)
    IIC_Start                                0x08000939   Thumb Code    56  iic.o(i.IIC_Start)
    IIC_Stop                                 0x08000979   Thumb Code    58  iic.o(i.IIC_Stop)
    IIC_Wait_Ack                             0x080009bd   Thumb Code    78  iic.o(i.IIC_Wait_Ack)
    Key_GPIO_Config                          0x08000a15   Thumb Code    96  key.o(i.Key_GPIO_Config)
    Key_Process                              0x08000a95   Thumb Code   154  key.o(i.Key_Process)
    LCD_DisAll                               0x08000b3d   Thumb Code    42  dis.o(i.LCD_DisAll)
    LCD_DisClear                             0x08000b67   Thumb Code    26  dis.o(i.LCD_DisClear)
    LCD_DisLEL                               0x08000b81   Thumb Code    10  dis.o(i.LCD_DisLEL)
    LCD_DisLELValue                          0x08000b91   Thumb Code    56  dis.o(i.LCD_DisLELValue)
    LCD_DisNum                               0x08000bcd   Thumb Code   280  dis.o(i.LCD_DisNum)
    LCD_DisPPM                               0x08000ced   Thumb Code    10  dis.o(i.LCD_DisPPM)
    LCD_DisPPMValue                          0x08000cfd   Thumb Code    14  dis.o(i.LCD_DisPPMValue)
    LED_GPIO_Config                          0x08000d0d   Thumb Code    74  led.o(i.LED_GPIO_Config)
    NVIC_Configuration                       0x08000d61   Thumb Code     8  sys.o(i.NVIC_Configuration)
    NVIC_Init                                0x08000d69   Thumb Code    94  misc.o(i.NVIC_Init)
    NVIC_PriorityGroupConfig                 0x08000dcd   Thumb Code    10  misc.o(i.NVIC_PriorityGroupConfig)
    PCF8576_Disp                             0x08000de1   Thumb Code    30  dis.o(i.PCF8576_Disp)
    PCF8576_Ini                              0x08000dff   Thumb Code    32  dis.o(i.PCF8576_Ini)
    PCF8576_Point                            0x08000e1f   Thumb Code    26  dis.o(i.PCF8576_Point)
    PCF8576_WriteCommand                     0x08000e39   Thumb Code    36  dis.o(i.PCF8576_WriteCommand)
    PCF8576_WritePoint                       0x08000e5d   Thumb Code    48  dis.o(i.PCF8576_WritePoint)
    PCF8576_WriteStr                         0x08000e8d   Thumb Code    64  dis.o(i.PCF8576_WriteStr)
    RCC_APB1PeriphClockCmd                   0x08000ecd   Thumb Code    18  stm32f10x_rcc.o(i.RCC_APB1PeriphClockCmd)
    RCC_APB1PeriphResetCmd                   0x08000ee5   Thumb Code    18  stm32f10x_rcc.o(i.RCC_APB1PeriphResetCmd)
    RCC_APB2PeriphClockCmd                   0x08000efd   Thumb Code    18  stm32f10x_rcc.o(i.RCC_APB2PeriphClockCmd)
    RCC_APB2PeriphResetCmd                   0x08000f15   Thumb Code    18  stm32f10x_rcc.o(i.RCC_APB2PeriphResetCmd)
    RCC_GetClocksFreq                        0x08000f2d   Thumb Code   138  stm32f10x_rcc.o(i.RCC_GetClocksFreq)
    RELAY_GPIO_Config                        0x08000fc9   Thumb Code    96  relay.o(i.RELAY_GPIO_Config)
    SysTick_CLKSourceConfig                  0x080010b9   Thumb Code    24  misc.o(i.SysTick_CLKSourceConfig)
    SystemInit                               0x080010d1   Thumb Code    68  system_stm32f10x.o(i.SystemInit)
    SystemInit11                             0x08001125   Thumb Code    68  main.o(i.SystemInit11)
    TIM2_Configuration                       0x0800116d   Thumb Code   100  timer.o(i.TIM2_Configuration)
    TIM2_IRQHandler                          0x080011d5   Thumb Code   222  timer.o(i.TIM2_IRQHandler)
    TIM2_NVIC_Configuration                  0x080012b9   Thumb Code    42  timer.o(i.TIM2_NVIC_Configuration)
    TIM3_IRQHandler                          0x080012e5   Thumb Code    54  usart.o(i.TIM3_IRQHandler)
    TIM3_Init                                0x08001329   Thumb Code    88  usart.o(i.TIM3_Init)
    TIM3_Set                                 0x08001385   Thumb Code    34  usart.o(i.TIM3_Set)
    TIM_ClearFlag                            0x080013ad   Thumb Code     6  stm32f10x_tim.o(i.TIM_ClearFlag)
    TIM_ClearITPendingBit                    0x080013b3   Thumb Code     6  stm32f10x_tim.o(i.TIM_ClearITPendingBit)
    TIM_Cmd                                  0x080013b9   Thumb Code    20  stm32f10x_tim.o(i.TIM_Cmd)
    TIM_DeInit                               0x080013cd   Thumb Code   304  stm32f10x_tim.o(i.TIM_DeInit)
    TIM_GetITStatus                          0x0800153d   Thumb Code    24  stm32f10x_tim.o(i.TIM_GetITStatus)
    TIM_ITConfig                             0x08001555   Thumb Code    16  stm32f10x_tim.o(i.TIM_ITConfig)
    TIM_SetCounter                           0x08001565   Thumb Code     4  stm32f10x_tim.o(i.TIM_SetCounter)
    TIM_TimeBaseInit                         0x08001569   Thumb Code   114  stm32f10x_tim.o(i.TIM_TimeBaseInit)
    UART1SendByte                            0x08001605   Thumb Code    26  usart.o(i.UART1SendByte)
    USART1_IRQHandler                        0x08001625   Thumb Code    92  usart.o(i.USART1_IRQHandler)
    USART_Cmd                                0x08001695   Thumb Code    20  stm32f10x_usart.o(i.USART_Cmd)
    USART_GetFlagStatus                      0x080016a9   Thumb Code    14  stm32f10x_usart.o(i.USART_GetFlagStatus)
    USART_GetITStatus                        0x080016b7   Thumb Code    62  stm32f10x_usart.o(i.USART_GetITStatus)
    USART_ITConfig                           0x080016f5   Thumb Code    48  stm32f10x_usart.o(i.USART_ITConfig)
    USART_Init                               0x08001725   Thumb Code   166  stm32f10x_usart.o(i.USART_Init)
    USART_ReceiveData                        0x080017d1   Thumb Code     8  stm32f10x_usart.o(i.USART_ReceiveData)
    USART_SendData                           0x080017d9   Thumb Code     8  stm32f10x_usart.o(i.USART_SendData)
    _sys_exit                                0x080017e1   Thumb Code     2  usart.o(i._sys_exit)
    delay_init                               0x080017e5   Thumb Code    46  delay.o(i.delay_init)
    delay_ms                                 0x08001821   Thumb Code    46  delay.o(i.delay_ms)
    delay_us                                 0x08001855   Thumb Code    46  delay.o(i.delay_us)
    main                                     0x08001889   Thumb Code   272  main.o(i.main)
    uart_init                                0x080019bd   Thumb Code   190  usart.o(i.uart_init)
    __aeabi_d2f                              0x08001a8d   Thumb Code     0  d2f.o(x$fpl$d2f)
    _d2f                                     0x08001a8d   Thumb Code    98  d2f.o(x$fpl$d2f)
    __aeabi_dadd                             0x08001af1   Thumb Code     0  daddsub_clz.o(x$fpl$dadd)
    _dadd                                    0x08001af1   Thumb Code   332  daddsub_clz.o(x$fpl$dadd)
    __aeabi_ddiv                             0x08001c41   Thumb Code     0  ddiv.o(x$fpl$ddiv)
    _ddiv                                    0x08001c41   Thumb Code   552  ddiv.o(x$fpl$ddiv)
    __aeabi_ui2d                             0x08001ef1   Thumb Code     0  dflt_clz.o(x$fpl$dfltu)
    _dfltu                                   0x08001ef1   Thumb Code    38  dflt_clz.o(x$fpl$dfltu)
    __fpl_dnaninf                            0x08001f17   Thumb Code   156  dnaninf.o(x$fpl$dnaninf)
    __fpl_dretinf                            0x08001fb3   Thumb Code    12  dretinf.o(x$fpl$dretinf)
    __aeabi_dsub                             0x08001fc1   Thumb Code     0  daddsub_clz.o(x$fpl$dsub)
    _dsub                                    0x08001fc1   Thumb Code   464  daddsub_clz.o(x$fpl$dsub)
    __fpl_fcheck_NaN1                        0x08002195   Thumb Code     6  fcheck1.o(x$fpl$fcheck1)
    __aeabi_fdiv                             0x080021a1   Thumb Code     0  fdiv.o(x$fpl$fdiv)
    _fdiv                                    0x080021a1   Thumb Code   384  fdiv.o(x$fpl$fdiv)
    __aeabi_f2uiz                            0x08002325   Thumb Code     0  ffixu.o(x$fpl$ffixu)
    _ffixu                                   0x08002325   Thumb Code    62  ffixu.o(x$fpl$ffixu)
    __aeabi_fmul                             0x08002365   Thumb Code     0  fmul.o(x$fpl$fmul)
    _fmul                                    0x08002365   Thumb Code   258  fmul.o(x$fpl$fmul)
    __fpl_fnaninf                            0x08002467   Thumb Code   140  fnaninf.o(x$fpl$fnaninf)
    __fpl_fretinf                            0x080024f3   Thumb Code    10  fretinf.o(x$fpl$fretinf)
    __fpl_return_NaN                         0x080024fd   Thumb Code   100  retnan.o(x$fpl$retnan)
    __ARM_scalbnf                            0x08002561   Thumb Code    76  scalbnf.o(x$fpl$scalbnf)
    __fpl_cmpreturn                          0x080025ad   Thumb Code    48  trapv.o(x$fpl$trapveneer)
    Region$$Table$$Base                      0x080025dc   Number         0  anon$$obj.o(Region$$Table)
    __I$use$fp                               0x080025dc   Number         0  usenofp.o(x$fpl$usenofp)
    Region$$Table$$Limit                     0x080025fc   Number         0  anon$$obj.o(Region$$Table)
    SystemCoreClock                          0x20000000   Data           4  system_stm32f10x.o(.data)
    AHBPrescTable                            0x20000004   Data          16  system_stm32f10x.o(.data)
    uCurrentSensor                           0x20000014   Data           1  comm.o(.data)
    ulCH4LELValue                            0x20000018   Data           4  comm.o(.data)
    ulCH4PPMValue                            0x2000001c   Data           4  comm.o(.data)
    ucMI_Reset_Command                       0x20000020   Data           5  comm.o(.data)
    ucSU_ZeroRev_data                        0x20000025   Data           6  comm.o(.data)
    ucSU_CorrectRev_data                     0x2000002b   Data           6  comm.o(.data)
    ucSU_ResetRev_data                       0x20000031   Data           6  comm.o(.data)
    ucMI_ZeroAd_Command                      0x20000037   Data           6  comm.o(.data)
    ucSU_ZeroAd_Command                      0x2000003d   Data           7  comm.o(.data)
    ucSU_Correct_Command                     0x20000044   Data           7  comm.o(.data)
    ucSU_Reset_Command                       0x2000004b   Data           7  comm.o(.data)
    ucMI_Correct_Command                     0x20000052   Data          10  comm.o(.data)
    key_bit                                  0x20000070   Data           1  timer.o(.data)
    key_value                                0x20000071   Data           1  timer.o(.data)
    last_key_value                           0x20000072   Data           1  timer.o(.data)
    key_value_ok                             0x20000073   Data           1  timer.o(.data)
    key_time_5s_bit                          0x20000074   Data           1  timer.o(.data)
    key_res                                  0x20000075   Data           1  timer.o(.data)
    time_count                               0x20000076   Data           2  timer.o(.data)
    time_count_num                           0x20000078   Data           2  timer.o(.data)
    time_end_flag                            0x2000007a   Data           2  timer.o(.data)
    time_enable                              0x2000007c   Data           2  timer.o(.data)
    dis_time_count                           0x2000007e   Data           2  timer.o(.data)
    dis_time_enable                          0x20000080   Data           2  timer.o(.data)
    dis_renew                                0x20000082   Data           2  timer.o(.data)
    res_time_count                           0x20000084   Data           2  timer.o(.data)
    res_time_enable                          0x20000086   Data           2  timer.o(.data)
    res_end_flag                             0x20000088   Data           2  timer.o(.data)
    key_count                                0x2000008a   Data           2  timer.o(.data)
    key_time_5s_count                        0x2000008c   Data           2  timer.o(.data)
    ucUPnumpos                               0x2000008e   Data           5  dis.o(.data)
    ucUPnumcode                              0x20000093   Data          10  dis.o(.data)
    ucDOWNLELcode                            0x2000009d   Data          11  dis.o(.data)
    ucDOWNPPMcode                            0x200000a8   Data          11  dis.o(.data)
    USART_RX_STA                             0x200000b8   Data           2  usart.o(.data)
    REV_BUF                                  0x200000bc   Data         200  comm.o(.bss)
    USART_RX_BUF                             0x20000184   Data         200  usart.o(.bss)
    __libspace_start                         0x2000024c   Data          96  libspace.o(.bss)
    __temporary_stack_top$libspace           0x200002ac   Data           0  libspace.o(.bss)



==============================================================================

Memory Map of the image

  Image Entry point : 0x080000ed

  Load Region LR_IROM1 (Base: 0x08000000, Size: 0x000026b8, Max: 0x00010000, ABSOLUTE)

    Execution Region ER_IROM1 (Base: 0x08000000, Size: 0x000025fc, Max: 0x00010000, ABSOLUTE)

    Base Addr    Size         Type   Attr      Idx    E Section Name        Object

    0x08000000   0x000000ec   Data   RO            3    RESET               startup_stm32f10x_ld.o
    0x080000ec   0x00000008   Code   RO         3697  * !!!main             c_w.l(__main.o)
    0x080000f4   0x00000034   Code   RO         3896    !!!scatter          c_w.l(__scatter.o)
    0x08000128   0x0000001a   Code   RO         3898    !!handler_copy      c_w.l(__scatter_copy.o)
    0x08000142   0x00000002   PAD
    0x08000144   0x0000001c   Code   RO         3900    !!handler_zi        c_w.l(__scatter_zi.o)
    0x08000160   0x00000002   Code   RO         3769    .ARM.Collect$$libinit$$00000000  c_w.l(libinit.o)
    0x08000162   0x00000000   Code   RO         3778    .ARM.Collect$$libinit$$00000002  c_w.l(libinit2.o)
    0x08000162   0x00000000   Code   RO         3780    .ARM.Collect$$libinit$$00000004  c_w.l(libinit2.o)
    0x08000162   0x00000000   Code   RO         3783    .ARM.Collect$$libinit$$0000000A  c_w.l(libinit2.o)
    0x08000162   0x00000000   Code   RO         3785    .ARM.Collect$$libinit$$0000000C  c_w.l(libinit2.o)
    0x08000162   0x00000000   Code   RO         3787    .ARM.Collect$$libinit$$0000000E  c_w.l(libinit2.o)
    0x08000162   0x00000000   Code   RO         3790    .ARM.Collect$$libinit$$00000011  c_w.l(libinit2.o)
    0x08000162   0x00000000   Code   RO         3792    .ARM.Collect$$libinit$$00000013  c_w.l(libinit2.o)
    0x08000162   0x00000000   Code   RO         3794    .ARM.Collect$$libinit$$00000015  c_w.l(libinit2.o)
    0x08000162   0x00000000   Code   RO         3796    .ARM.Collect$$libinit$$00000017  c_w.l(libinit2.o)
    0x08000162   0x00000000   Code   RO         3798    .ARM.Collect$$libinit$$00000019  c_w.l(libinit2.o)
    0x08000162   0x00000000   Code   RO         3800    .ARM.Collect$$libinit$$0000001B  c_w.l(libinit2.o)
    0x08000162   0x00000000   Code   RO         3802    .ARM.Collect$$libinit$$0000001D  c_w.l(libinit2.o)
    0x08000162   0x00000000   Code   RO         3804    .ARM.Collect$$libinit$$0000001F  c_w.l(libinit2.o)
    0x08000162   0x00000000   Code   RO         3806    .ARM.Collect$$libinit$$00000021  c_w.l(libinit2.o)
    0x08000162   0x00000000   Code   RO         3808    .ARM.Collect$$libinit$$00000023  c_w.l(libinit2.o)
    0x08000162   0x00000000   Code   RO         3810    .ARM.Collect$$libinit$$00000025  c_w.l(libinit2.o)
    0x08000162   0x00000000   Code   RO         3814    .ARM.Collect$$libinit$$0000002C  c_w.l(libinit2.o)
    0x08000162   0x00000000   Code   RO         3816    .ARM.Collect$$libinit$$0000002E  c_w.l(libinit2.o)
    0x08000162   0x00000000   Code   RO         3818    .ARM.Collect$$libinit$$00000030  c_w.l(libinit2.o)
    0x08000162   0x00000000   Code   RO         3820    .ARM.Collect$$libinit$$00000032  c_w.l(libinit2.o)
    0x08000162   0x00000002   Code   RO         3821    .ARM.Collect$$libinit$$00000033  c_w.l(libinit2.o)
    0x08000164   0x00000002   Code   RO         3839    .ARM.Collect$$libshutdown$$00000000  c_w.l(libshutdown.o)
    0x08000166   0x00000000   Code   RO         3850    .ARM.Collect$$libshutdown$$00000003  c_w.l(libshutdown2.o)
    0x08000166   0x00000000   Code   RO         3853    .ARM.Collect$$libshutdown$$00000006  c_w.l(libshutdown2.o)
    0x08000166   0x00000000   Code   RO         3856    .ARM.Collect$$libshutdown$$00000009  c_w.l(libshutdown2.o)
    0x08000166   0x00000000   Code   RO         3858    .ARM.Collect$$libshutdown$$0000000B  c_w.l(libshutdown2.o)
    0x08000166   0x00000000   Code   RO         3861    .ARM.Collect$$libshutdown$$0000000E  c_w.l(libshutdown2.o)
    0x08000166   0x00000002   Code   RO         3862    .ARM.Collect$$libshutdown$$0000000F  c_w.l(libshutdown2.o)
    0x08000168   0x00000000   Code   RO         3731    .ARM.Collect$$rtentry$$00000000  c_w.l(__rtentry.o)
    0x08000168   0x00000000   Code   RO         3744    .ARM.Collect$$rtentry$$00000002  c_w.l(__rtentry2.o)
    0x08000168   0x00000006   Code   RO         3756    .ARM.Collect$$rtentry$$00000004  c_w.l(__rtentry4.o)
    0x0800016e   0x00000000   Code   RO         3746    .ARM.Collect$$rtentry$$00000009  c_w.l(__rtentry2.o)
    0x0800016e   0x00000004   Code   RO         3747    .ARM.Collect$$rtentry$$0000000A  c_w.l(__rtentry2.o)
    0x08000172   0x00000000   Code   RO         3749    .ARM.Collect$$rtentry$$0000000C  c_w.l(__rtentry2.o)
    0x08000172   0x00000008   Code   RO         3750    .ARM.Collect$$rtentry$$0000000D  c_w.l(__rtentry2.o)
    0x0800017a   0x00000002   Code   RO         3775    .ARM.Collect$$rtexit$$00000000  c_w.l(rtexit.o)
    0x0800017c   0x00000000   Code   RO         3823    .ARM.Collect$$rtexit$$00000002  c_w.l(rtexit2.o)
    0x0800017c   0x00000004   Code   RO         3824    .ARM.Collect$$rtexit$$00000003  c_w.l(rtexit2.o)
    0x08000180   0x00000006   Code   RO         3825    .ARM.Collect$$rtexit$$00000004  c_w.l(rtexit2.o)
    0x08000186   0x00000002   PAD
    0x08000188   0x00000040   Code   RO            4    .text               startup_stm32f10x_ld.o
    0x080001c8   0x00000002   Code   RO         3687    .text               c_w.l(use_no_semi_2.o)
    0x080001ca   0x0000003e   Code   RO         3689    .text               c_w.l(strlen.o)
    0x08000208   0x0000004e   Code   RO         3691    .text               c_w.l(rt_memclr_w.o)
    0x08000256   0x00000002   PAD
    0x08000258   0x00000080   Code   RO         3693    .text               c_w.l(strcmpv7m.o)
    0x080002d8   0x00000006   Code   RO         3695    .text               c_w.l(heapauxi.o)
    0x080002de   0x00000002   Code   RO         3729    .text               c_w.l(use_no_semi.o)
    0x080002e0   0x0000004a   Code   RO         3760    .text               c_w.l(sys_stackheap_outer.o)
    0x0800032a   0x0000000c   Code   RO         3762    .text               c_w.l(exit.o)
    0x08000336   0x00000002   PAD
    0x08000338   0x00000008   Code   RO         3772    .text               c_w.l(libspace.o)
    0x08000340   0x00000018   Code   RO          886    i.DAC_Cmd           stm32f10x_dac.o
    0x08000358   0x00000050   Code   RO         3551    i.DAC_Configuration  dac.o
    0x080003a8   0x00000028   Code   RO          894    i.DAC_Init          stm32f10x_dac.o
    0x080003d0   0x00000014   Code   RO          895    i.DAC_SetChannel1Data  stm32f10x_dac.o
    0x080003e4   0x0000001c   Code   RO          898    i.DAC_SoftwareTriggerCmd  stm32f10x_dac.o
    0x08000400   0x00000034   Code   RO         3552    i.DAC_Voltage_OutPut  dac.o
    0x08000434   0x00000018   Code   RO         3278    i.EXTI0_IRQHandler  exti.o
    0x0800044c   0x0000000c   Code   RO         1089    i.EXTI_ClearITPendingBit  stm32f10x_exti.o
    0x08000458   0x00000020   Code   RO         1093    i.EXTI_GetITStatus  stm32f10x_exti.o
    0x08000478   0x0000009c   Code   RO         1440    i.GPIO_Init         stm32f10x_gpio.o
    0x08000514   0x00000058   Code   RO         1442    i.GPIO_PinRemapConfig  stm32f10x_gpio.o
    0x0800056c   0x0000000e   Code   RO         1444    i.GPIO_ReadInputDataBit  stm32f10x_gpio.o
    0x0800057a   0x00000004   Code   RO         1447    i.GPIO_ResetBits    stm32f10x_gpio.o
    0x0800057e   0x00000004   Code   RO         1448    i.GPIO_SetBits      stm32f10x_gpio.o
    0x08000582   0x00000002   PAD
    0x08000584   0x00000040   Code   RO          208    i.GP_CommArrange    comm.o
    0x080005c4   0x00000060   Code   RO          209    i.GP_CommProcess    comm.o
    0x08000624   0x00000028   Code   RO          210    i.GP_CurrentSet     comm.o
    0x0800064c   0x0000002c   Code   RO          211    i.GP_LEL2Current    comm.o
    0x08000678   0x000001f8   Code   RO          212    i.GP_SensorSet      comm.o
    0x08000870   0x0000002c   Code   RO         3333    i.Get_Key_Process   key.o
    0x0800089c   0x00000034   Code   RO         3415    i.IIC_Init          iic.o
    0x080008d0   0x00000068   Code   RO         3418    i.IIC_Send_Byte     iic.o
    0x08000938   0x00000040   Code   RO         3419    i.IIC_Start         iic.o
    0x08000978   0x00000044   Code   RO         3420    i.IIC_Stop          iic.o
    0x080009bc   0x00000058   Code   RO         3421    i.IIC_Wait_Ack      iic.o
    0x08000a14   0x00000080   Code   RO         3334    i.Key_GPIO_Config   key.o
    0x08000a94   0x000000a8   Code   RO         3335    i.Key_Process       key.o
    0x08000b3c   0x0000002a   Code   RO         3468    i.LCD_DisAll        dis.o
    0x08000b66   0x0000001a   Code   RO         3469    i.LCD_DisClear      dis.o
    0x08000b80   0x00000010   Code   RO         3470    i.LCD_DisLEL        dis.o
    0x08000b90   0x0000003c   Code   RO         3471    i.LCD_DisLELValue   dis.o
    0x08000bcc   0x00000120   Code   RO         3472    i.LCD_DisNum        dis.o
    0x08000cec   0x00000010   Code   RO         3473    i.LCD_DisPPM        dis.o
    0x08000cfc   0x0000000e   Code   RO         3474    i.LCD_DisPPMValue   dis.o
    0x08000d0a   0x00000002   PAD
    0x08000d0c   0x00000054   Code   RO         3368    i.LED_GPIO_Config   led.o
    0x08000d60   0x00000008   Code   RO         3607    i.NVIC_Configuration  sys.o
    0x08000d68   0x00000064   Code   RO          261    i.NVIC_Init         misc.o
    0x08000dcc   0x00000014   Code   RO          262    i.NVIC_PriorityGroupConfig  misc.o
    0x08000de0   0x0000001e   Code   RO         3475    i.PCF8576_Disp      dis.o
    0x08000dfe   0x00000020   Code   RO         3476    i.PCF8576_Ini       dis.o
    0x08000e1e   0x0000001a   Code   RO         3477    i.PCF8576_Point     dis.o
    0x08000e38   0x00000024   Code   RO         3478    i.PCF8576_WriteCommand  dis.o
    0x08000e5c   0x00000030   Code   RO         3479    i.PCF8576_WritePoint  dis.o
    0x08000e8c   0x00000040   Code   RO         3480    i.PCF8576_WriteStr  dis.o
    0x08000ecc   0x00000018   Code   RO         1856    i.RCC_APB1PeriphClockCmd  stm32f10x_rcc.o
    0x08000ee4   0x00000018   Code   RO         1857    i.RCC_APB1PeriphResetCmd  stm32f10x_rcc.o
    0x08000efc   0x00000018   Code   RO         1858    i.RCC_APB2PeriphClockCmd  stm32f10x_rcc.o
    0x08000f14   0x00000018   Code   RO         1859    i.RCC_APB2PeriphResetCmd  stm32f10x_rcc.o
    0x08000f2c   0x0000009c   Code   RO         1866    i.RCC_GetClocksFreq  stm32f10x_rcc.o
    0x08000fc8   0x00000068   Code   RO         3569    i.RELAY_GPIO_Config  relay.o
    0x08001030   0x00000088   Code   RO           24    i.SetSysClockTo24   system_stm32f10x.o
    0x080010b8   0x00000018   Code   RO          265    i.SysTick_CLKSourceConfig  misc.o
    0x080010d0   0x00000054   Code   RO           26    i.SystemInit        system_stm32f10x.o
    0x08001124   0x00000048   Code   RO          132    i.SystemInit11      main.o
    0x0800116c   0x00000068   Code   RO         3380    i.TIM2_Configuration  timer.o
    0x080011d4   0x000000e4   Code   RO         3381    i.TIM2_IRQHandler   timer.o
    0x080012b8   0x0000002a   Code   RO         3382    i.TIM2_NVIC_Configuration  timer.o
    0x080012e2   0x00000002   PAD
    0x080012e4   0x00000044   Code   RO         3619    i.TIM3_IRQHandler   usart.o
    0x08001328   0x0000005c   Code   RO         3620    i.TIM3_Init         usart.o
    0x08001384   0x00000028   Code   RO         3621    i.TIM3_Set          usart.o
    0x080013ac   0x00000006   Code   RO         2487    i.TIM_ClearFlag     stm32f10x_tim.o
    0x080013b2   0x00000006   Code   RO         2488    i.TIM_ClearITPendingBit  stm32f10x_tim.o
    0x080013b8   0x00000014   Code   RO         2493    i.TIM_Cmd           stm32f10x_tim.o
    0x080013cc   0x00000170   Code   RO         2498    i.TIM_DeInit        stm32f10x_tim.o
    0x0800153c   0x00000018   Code   RO         2514    i.TIM_GetITStatus   stm32f10x_tim.o
    0x08001554   0x00000010   Code   RO         2518    i.TIM_ITConfig      stm32f10x_tim.o
    0x08001564   0x00000004   Code   RO         2558    i.TIM_SetCounter    stm32f10x_tim.o
    0x08001568   0x0000009c   Code   RO         2564    i.TIM_TimeBaseInit  stm32f10x_tim.o
    0x08001604   0x00000020   Code   RO         3622    i.UART1SendByte     usart.o
    0x08001624   0x00000070   Code   RO         3623    i.USART1_IRQHandler  usart.o
    0x08001694   0x00000014   Code   RO         3016    i.USART_Cmd         stm32f10x_usart.o
    0x080016a8   0x0000000e   Code   RO         3019    i.USART_GetFlagStatus  stm32f10x_usart.o
    0x080016b6   0x0000003e   Code   RO         3020    i.USART_GetITStatus  stm32f10x_usart.o
    0x080016f4   0x00000030   Code   RO         3022    i.USART_ITConfig    stm32f10x_usart.o
    0x08001724   0x000000ac   Code   RO         3023    i.USART_Init        stm32f10x_usart.o
    0x080017d0   0x00000008   Code   RO         3030    i.USART_ReceiveData  stm32f10x_usart.o
    0x080017d8   0x00000008   Code   RO         3033    i.USART_SendData    stm32f10x_usart.o
    0x080017e0   0x00000002   Code   RO         3624    i._sys_exit         usart.o
    0x080017e2   0x00000002   PAD
    0x080017e4   0x0000003c   Code   RO         3581    i.delay_init        delay.o
    0x08001820   0x00000034   Code   RO         3582    i.delay_ms          delay.o
    0x08001854   0x00000034   Code   RO         3583    i.delay_us          delay.o
    0x08001888   0x00000134   Code   RO          133    i.main              main.o
    0x080019bc   0x000000d0   Code   RO         3626    i.uart_init         usart.o
    0x08001a8c   0x00000062   Code   RO         3699    x$fpl$d2f           fz_ws.l(d2f.o)
    0x08001aee   0x00000002   PAD
    0x08001af0   0x00000150   Code   RO         3701    x$fpl$dadd          fz_ws.l(daddsub_clz.o)
    0x08001c40   0x000002b0   Code   RO         3708    x$fpl$ddiv          fz_ws.l(ddiv.o)
    0x08001ef0   0x00000026   Code   RO         3711    x$fpl$dfltu         fz_ws.l(dflt_clz.o)
    0x08001f16   0x0000009c   Code   RO         3732    x$fpl$dnaninf       fz_ws.l(dnaninf.o)
    0x08001fb2   0x0000000c   Code   RO         3734    x$fpl$dretinf       fz_ws.l(dretinf.o)
    0x08001fbe   0x00000002   PAD
    0x08001fc0   0x000001d4   Code   RO         3703    x$fpl$dsub          fz_ws.l(daddsub_clz.o)
    0x08002194   0x0000000c   Code   RO         3736    x$fpl$fcheck1       fz_ws.l(fcheck1.o)
    0x080021a0   0x00000184   Code   RO         3718    x$fpl$fdiv          fz_ws.l(fdiv.o)
    0x08002324   0x0000003e   Code   RO         3721    x$fpl$ffixu         fz_ws.l(ffixu.o)
    0x08002362   0x00000002   PAD
    0x08002364   0x00000102   Code   RO         3725    x$fpl$fmul          fz_ws.l(fmul.o)
    0x08002466   0x0000008c   Code   RO         3738    x$fpl$fnaninf       fz_ws.l(fnaninf.o)
    0x080024f2   0x0000000a   Code   RO         3740    x$fpl$fretinf       fz_ws.l(fretinf.o)
    0x080024fc   0x00000064   Code   RO         3758    x$fpl$retnan        fz_ws.l(retnan.o)
    0x08002560   0x0000004c   Code   RO         3727    x$fpl$scalbnf       fz_ws.l(scalbnf.o)
    0x080025ac   0x00000030   Code   RO         3770    x$fpl$trapveneer    fz_ws.l(trapv.o)
    0x080025dc   0x00000000   Code   RO         3742    x$fpl$usenofp       fz_ws.l(usenofp.o)
    0x080025dc   0x00000020   Data   RO         3894    Region$$Table       anon$$obj.o


    Execution Region RW_IRAM1 (Base: 0x20000000, Size: 0x000008b0, Max: 0x00002000, ABSOLUTE)

    Base Addr    Size         Type   Attr      Idx    E Section Name        Object

    0x20000000   0x00000014   Data   RW           27    .data               system_stm32f10x.o
    0x20000014   0x00000048   Data   RW          216    .data               comm.o
    0x2000005c   0x00000014   Data   RW         1887    .data               stm32f10x_rcc.o
    0x20000070   0x0000001e   Data   RW         3383    .data               timer.o
    0x2000008e   0x00000025   Data   RW         3481    .data               dis.o
    0x200000b3   0x00000001   PAD
    0x200000b4   0x00000004   Data   RW         3584    .data               delay.o
    0x200000b8   0x00000002   Data   RW         3628    .data               usart.o
    0x200000ba   0x00000002   PAD
    0x200000bc   0x000000c8   Zero   RW          214    .bss                comm.o
    0x20000184   0x000000c8   Zero   RW         3627    .bss                usart.o
    0x2000024c   0x00000060   Zero   RW         3773    .bss                c_w.l(libspace.o)
    0x200002ac   0x00000004   PAD
    0x200002b0   0x00000200   Zero   RW            2    HEAP                startup_stm32f10x_ld.o
    0x200004b0   0x00000400   Zero   RW            1    STACK               startup_stm32f10x_ld.o


==============================================================================

Image component sizes


      Code (inc. data)   RO Data    RW Data    ZI Data      Debug   Object Name

       748         60          0         72        200       4776   comm.o
         0          0          0          0          0       4504   core_cm3.o
       132         12          0          0          0       1049   dac.o
       164         26          0          4          0       1523   delay.o
       698         24          0         37          0       7312   dis.o
        24          0          0          0          0        471   exti.o
       376         42          0          0          0       2477   iic.o
       340         56          0          0          0       1610   key.o
        84         10          0          0          0        502   led.o
       380         40          0          0          0       1050   main.o
       144         16          0          0          0       1781   misc.o
       104          8          0          0          0        540   relay.o
        64         26        236          0       1536        816   startup_stm32f10x_ld.o
       112         18          0          0          0       2592   stm32f10x_dac.o
        44         10          0          0          0        996   stm32f10x_exti.o
       266          6          0          0          0       3766   stm32f10x_gpio.o
       252         42          0         20          0       5256   stm32f10x_rcc.o
       600        106          0          0          0       5567   stm32f10x_tim.o
       332          6          0          0          0       5345   stm32f10x_usart.o
         8          0          0          0          0        405   sys.o
       220         22          0         20          0     256169   system_stm32f10x.o
       374         10          0         30          0       2675   timer.o
       554         68          0          2        200       5537   usart.o

    ----------------------------------------------------------------------
      6028        608        268        188       1936     316719   Object Totals
         0          0         32          0          0          0   (incl. Generated)
         8          0          0          3          0          0   (incl. Padding)

    ----------------------------------------------------------------------

      Code (inc. data)   RO Data    RW Data    ZI Data      Debug   Library Member Name

         8          0          0          0          0         68   __main.o
         0          0          0          0          0          0   __rtentry.o
        12          0          0          0          0          0   __rtentry2.o
         6          0          0          0          0          0   __rtentry4.o
        52          8          0          0          0          0   __scatter.o
        26          0          0          0          0          0   __scatter_copy.o
        28          0          0          0          0          0   __scatter_zi.o
        12          0          0          0          0         72   exit.o
         6          0          0          0          0        152   heapauxi.o
         2          0          0          0          0          0   libinit.o
         2          0          0          0          0          0   libinit2.o
         2          0          0          0          0          0   libshutdown.o
         2          0          0          0          0          0   libshutdown2.o
         8          4          0          0         96         68   libspace.o
        78          0          0          0          0         80   rt_memclr_w.o
         2          0          0          0          0          0   rtexit.o
        10          0          0          0          0          0   rtexit2.o
       128          0          0          0          0         68   strcmpv7m.o
        62          0          0          0          0         76   strlen.o
        74          0          0          0          0         80   sys_stackheap_outer.o
         2          0          0          0          0         68   use_no_semi.o
         2          0          0          0          0         68   use_no_semi_2.o
        98          4          0          0          0         92   d2f.o
       804         16          0          0          0        272   daddsub_clz.o
       688        140          0          0          0        208   ddiv.o
        38          0          0          0          0         68   dflt_clz.o
       156          4          0          0          0         92   dnaninf.o
        12          0          0          0          0         68   dretinf.o
        12          4          0          0          0         68   fcheck1.o
       388         76          0          0          0         96   fdiv.o
        62          4          0          0          0         84   ffixu.o
       258          4          0          0          0         84   fmul.o
       140          4          0          0          0         84   fnaninf.o
        10          0          0          0          0         68   fretinf.o
       100          0          0          0          0         68   retnan.o
        76          0          0          0          0         68   scalbnf.o
        48          0          0          0          0         68   trapv.o
         0          0          0          0          0          0   usenofp.o

    ----------------------------------------------------------------------
      3428        268          0          0        100       2288   Library Totals
        14          0          0          0          4          0   (incl. Padding)

    ----------------------------------------------------------------------

      Code (inc. data)   RO Data    RW Data    ZI Data      Debug   Library Name

       524         12          0          0         96        800   c_w.l
      2890        256          0          0          0       1488   fz_ws.l

    ----------------------------------------------------------------------
      3428        268          0          0        100       2288   Library Totals

    ----------------------------------------------------------------------

==============================================================================


      Code (inc. data)   RO Data    RW Data    ZI Data      Debug   

      9456        876        268        188       2036     313803   Grand Totals
      9456        876        268        188       2036     313803   ELF Image Totals
      9456        876        268        188          0          0   ROM Totals

==============================================================================

    Total RO  Size (Code + RO Data)                 9724 (   9.50kB)
    Total RW  Size (RW Data + ZI Data)              2224 (   2.17kB)
    Total ROM Size (Code + RO Data + RW Data)       9912 (   9.68kB)

==============================================================================

